2025-11-12 08:54:07,336 INFO analysis_core.index: Building index for asa (/Users/jangronemann/Library/CloudStorage/OneDrive-Sentia/Scandlines/scand-ops/rancid-backups/cli-pro-ctx)
2025-11-12 08:54:07,338 INFO analysis_core.index: Finished index for asa (/Users/jangronemann/Library/CloudStorage/OneDrive-Sentia/Scandlines/scand-ops/rancid-backups/cli-pro-ctx) in 0.00s (objects=1 groups=0)
2025-11-12 08:54:07,338 INFO analysis_core.index: Building index for asa (/Users/jangronemann/Library/CloudStorage/OneDrive-Sentia/Scandlines/scand-ops/rancid-backups/dkaz5-scl-router-01)
2025-11-12 08:54:07,343 INFO analysis_core.index: Finished index for asa (/Users/jangronemann/Library/CloudStorage/OneDrive-Sentia/Scandlines/scand-ops/rancid-backups/dkaz5-scl-router-01) in 0.01s (objects=0 groups=0)
2025-11-12 08:54:07,344 INFO analysis_core.index: Building index for asa (/Users/jangronemann/Library/CloudStorage/OneDrive-Sentia/Scandlines/scand-ops/rancid-backups/edz-dem-ctx)
2025-11-12 08:54:07,348 INFO analysis_core.index: Finished index for asa (/Users/jangronemann/Library/CloudStorage/OneDrive-Sentia/Scandlines/scand-ops/rancid-backups/edz-dem-ctx) in 0.00s (objects=9 groups=2)
2025-11-12 08:54:07,348 INFO analysis_core.index: Building index for asa (/Users/jangronemann/Library/CloudStorage/OneDrive-Sentia/Scandlines/scand-ops/rancid-backups/edz-dev-ctx)
2025-11-12 08:54:07,349 INFO analysis_core.index: Finished index for asa (/Users/jangronemann/Library/CloudStorage/OneDrive-Sentia/Scandlines/scand-ops/rancid-backups/edz-dev-ctx) in 0.00s (objects=15 groups=6)
2025-11-12 08:54:07,349 INFO analysis_core.index: Building index for asa (/Users/jangronemann/Library/CloudStorage/OneDrive-Sentia/Scandlines/scand-ops/rancid-backups/edz-inf-ctx)
2025-11-12 08:54:07,355 INFO analysis_core.index: Finished index for asa (/Users/jangronemann/Library/CloudStorage/OneDrive-Sentia/Scandlines/scand-ops/rancid-backups/edz-inf-ctx) in 0.01s (objects=81 groups=18)
2025-11-12 08:54:07,355 INFO analysis_core.index: Building index for asa (/Users/jangronemann/Library/CloudStorage/OneDrive-Sentia/Scandlines/scand-ops/rancid-backups/edz-pro-ctx)
2025-11-12 08:54:07,359 INFO analysis_core.index: Finished index for asa (/Users/jangronemann/Library/CloudStorage/OneDrive-Sentia/Scandlines/scand-ops/rancid-backups/edz-pro-ctx) in 0.00s (objects=71 groups=16)
2025-11-12 08:54:07,359 INFO analysis_core.index: Building index for asa (/Users/jangronemann/Library/CloudStorage/OneDrive-Sentia/Scandlines/scand-ops/rancid-backups/edz-qas-ctx)
2025-11-12 08:54:07,360 INFO analysis_core.index: Finished index for asa (/Users/jangronemann/Library/CloudStorage/OneDrive-Sentia/Scandlines/scand-ops/rancid-backups/edz-qas-ctx) in 0.00s (objects=18 groups=6)
2025-11-12 08:54:07,361 INFO analysis_core.index: Building index for asa (/Users/jangronemann/Library/CloudStorage/OneDrive-Sentia/Scandlines/scand-ops/rancid-backups/fw-asa)
2025-11-12 08:54:07,368 INFO analysis_core.index: Finished index for asa (/Users/jangronemann/Library/CloudStorage/OneDrive-Sentia/Scandlines/scand-ops/rancid-backups/fw-asa) in 0.01s (objects=145 groups=28)
2025-11-12 08:54:07,368 INFO analysis_core.index: Building index for asa (/Users/jangronemann/Library/CloudStorage/OneDrive-Sentia/Scandlines/scand-ops/rancid-backups/groeden-dev)
2025-11-12 08:54:07,372 INFO analysis_core.index: Finished index for asa (/Users/jangronemann/Library/CloudStorage/OneDrive-Sentia/Scandlines/scand-ops/rancid-backups/groeden-dev) in 0.00s (objects=58 groups=14)
2025-11-12 08:54:07,372 INFO analysis_core.index: Building index for asa (/Users/jangronemann/Library/CloudStorage/OneDrive-Sentia/Scandlines/scand-ops/rancid-backups/groeden-idz-infra)
2025-11-12 08:54:07,376 INFO analysis_core.index: Finished index for asa (/Users/jangronemann/Library/CloudStorage/OneDrive-Sentia/Scandlines/scand-ops/rancid-backups/groeden-idz-infra) in 0.00s (objects=68 groups=16)
2025-11-12 08:54:07,376 INFO analysis_core.index: Building index for asa (/Users/jangronemann/Library/CloudStorage/OneDrive-Sentia/Scandlines/scand-ops/rancid-backups/groeden-pro)
2025-11-12 08:54:07,392 INFO analysis_core.index: Finished index for asa (/Users/jangronemann/Library/CloudStorage/OneDrive-Sentia/Scandlines/scand-ops/rancid-backups/groeden-pro) in 0.02s (objects=128 groups=17)
2025-11-12 08:54:07,392 INFO analysis_core.index: Building index for asa (/Users/jangronemann/Library/CloudStorage/OneDrive-Sentia/Scandlines/scand-ops/rancid-backups/groeden-qas)
2025-11-12 08:54:07,395 INFO analysis_core.index: Finished index for asa (/Users/jangronemann/Library/CloudStorage/OneDrive-Sentia/Scandlines/scand-ops/rancid-backups/groeden-qas) in 0.00s (objects=58 groups=12)
2025-11-12 08:54:07,395 INFO analysis_core.index: Building index for asa (/Users/jangronemann/Library/CloudStorage/OneDrive-Sentia/Scandlines/scand-ops/rancid-backups/groeden-sta)
2025-11-12 08:54:07,397 INFO analysis_core.index: Finished index for asa (/Users/jangronemann/Library/CloudStorage/OneDrive-Sentia/Scandlines/scand-ops/rancid-backups/groeden-sta) in 0.00s (objects=19 groups=4)
2025-11-12 08:54:07,397 INFO analysis_core.index: Building index for asa (/Users/jangronemann/Library/CloudStorage/OneDrive-Sentia/Scandlines/scand-ops/rancid-backups/idz-dem-ctx)
2025-11-12 08:54:07,398 INFO analysis_core.index: Finished index for asa (/Users/jangronemann/Library/CloudStorage/OneDrive-Sentia/Scandlines/scand-ops/rancid-backups/idz-dem-ctx) in 0.00s (objects=14 groups=5)
2025-11-12 08:54:07,398 INFO analysis_core.index: Building index for asa (/Users/jangronemann/Library/CloudStorage/OneDrive-Sentia/Scandlines/scand-ops/rancid-backups/idz-dev-ctx)
2025-11-12 08:54:07,508 INFO analysis_core.index: Finished index for asa (/Users/jangronemann/Library/CloudStorage/OneDrive-Sentia/Scandlines/scand-ops/rancid-backups/idz-dev-ctx) in 0.11s (objects=111 groups=31)
2025-11-12 08:54:07,508 INFO analysis_core.index: Building index for asa (/Users/jangronemann/Library/CloudStorage/OneDrive-Sentia/Scandlines/scand-ops/rancid-backups/idz-inf-ctx)
2025-11-12 08:54:07,757 INFO analysis_core.index: Finished index for asa (/Users/jangronemann/Library/CloudStorage/OneDrive-Sentia/Scandlines/scand-ops/rancid-backups/idz-inf-ctx) in 0.25s (objects=716 groups=115)
2025-11-12 08:54:07,757 INFO analysis_core.index: Building index for asa (/Users/jangronemann/Library/CloudStorage/OneDrive-Sentia/Scandlines/scand-ops/rancid-backups/idz-pro-ctx)
2025-11-12 08:54:07,781 INFO analysis_core.index: Finished index for asa (/Users/jangronemann/Library/CloudStorage/OneDrive-Sentia/Scandlines/scand-ops/rancid-backups/idz-pro-ctx) in 0.02s (objects=300 groups=73)
2025-11-12 08:54:07,781 INFO analysis_core.index: Building index for asa (/Users/jangronemann/Library/CloudStorage/OneDrive-Sentia/Scandlines/scand-ops/rancid-backups/idz-qas-ctx)
2025-11-12 08:54:07,786 INFO analysis_core.index: Finished index for asa (/Users/jangronemann/Library/CloudStorage/OneDrive-Sentia/Scandlines/scand-ops/rancid-backups/idz-qas-ctx) in 0.00s (objects=94 groups=22)
2025-11-12 08:54:07,786 INFO analysis_core.index: Building index for asa (/Users/jangronemann/Library/CloudStorage/OneDrive-Sentia/Scandlines/scand-ops/rancid-backups/idz-unt-ctx)
2025-11-12 08:54:07,803 INFO analysis_core.index: Finished index for asa (/Users/jangronemann/Library/CloudStorage/OneDrive-Sentia/Scandlines/scand-ops/rancid-backups/idz-unt-ctx) in 0.02s (objects=333 groups=64)
2025-11-12 08:54:07,803 INFO analysis_core.index: Building index for asa (/Users/jangronemann/Library/CloudStorage/OneDrive-Sentia/Scandlines/scand-ops/rancid-backups/man-inf-ctx)
2025-11-12 08:54:07,824 INFO analysis_core.index: Finished index for asa (/Users/jangronemann/Library/CloudStorage/OneDrive-Sentia/Scandlines/scand-ops/rancid-backups/man-inf-ctx) in 0.02s (objects=284 groups=52)
2025-11-12 08:54:07,824 INFO analysis_core.index: Building index for asa (/Users/jangronemann/Library/CloudStorage/OneDrive-Sentia/Scandlines/scand-ops/rancid-backups/nbalrodc01)
2025-11-12 08:54:07,829 INFO analysis_core.index: Finished index for asa (/Users/jangronemann/Library/CloudStorage/OneDrive-Sentia/Scandlines/scand-ops/rancid-backups/nbalrodc01) in 0.01s (objects=0 groups=0)
2025-11-12 08:54:07,829 INFO analysis_core.index: Building index for asa (/Users/jangronemann/Library/CloudStorage/OneDrive-Sentia/Scandlines/scand-ops/rancid-backups/nbalswda01)
2025-11-12 08:54:07,834 INFO analysis_core.index: Finished index for asa (/Users/jangronemann/Library/CloudStorage/OneDrive-Sentia/Scandlines/scand-ops/rancid-backups/nbalswda01) in 0.00s (objects=0 groups=0)
2025-11-12 08:54:07,834 INFO analysis_core.index: Building index for asa (/Users/jangronemann/Library/CloudStorage/OneDrive-Sentia/Scandlines/scand-ops/rancid-backups/nbalswdc01)
2025-11-12 08:54:07,840 INFO analysis_core.index: Finished index for asa (/Users/jangronemann/Library/CloudStorage/OneDrive-Sentia/Scandlines/scand-ops/rancid-backups/nbalswdc01) in 0.01s (objects=0 groups=0)
2025-11-12 08:54:07,840 INFO analysis_core.index: Building index for asa (/Users/jangronemann/Library/CloudStorage/OneDrive-Sentia/Scandlines/scand-ops/rancid-backups/nberrocp01)
2025-11-12 08:54:07,843 INFO analysis_core.index: Finished index for asa (/Users/jangronemann/Library/CloudStorage/OneDrive-Sentia/Scandlines/scand-ops/rancid-backups/nberrocp01) in 0.00s (objects=0 groups=0)
2025-11-12 08:54:07,843 INFO analysis_core.index: Building index for asa (/Users/jangronemann/Library/CloudStorage/OneDrive-Sentia/Scandlines/scand-ops/rancid-backups/nberrocp02)
2025-11-12 08:54:07,845 INFO analysis_core.index: Finished index for asa (/Users/jangronemann/Library/CloudStorage/OneDrive-Sentia/Scandlines/scand-ops/rancid-backups/nberrocp02) in 0.00s (objects=0 groups=0)
2025-11-12 08:54:07,845 INFO analysis_core.index: Building index for asa (/Users/jangronemann/Library/CloudStorage/OneDrive-Sentia/Scandlines/scand-ops/rancid-backups/nberrocp03)
2025-11-12 08:54:07,846 INFO analysis_core.index: Finished index for asa (/Users/jangronemann/Library/CloudStorage/OneDrive-Sentia/Scandlines/scand-ops/rancid-backups/nberrocp03) in 0.00s (objects=0 groups=0)
2025-11-12 08:54:07,846 INFO analysis_core.index: Building index for asa (/Users/jangronemann/Library/CloudStorage/OneDrive-Sentia/Scandlines/scand-ops/rancid-backups/nberswla01)
2025-11-12 08:54:07,849 INFO analysis_core.index: Finished index for asa (/Users/jangronemann/Library/CloudStorage/OneDrive-Sentia/Scandlines/scand-ops/rancid-backups/nberswla01) in 0.00s (objects=0 groups=0)
2025-11-12 08:54:07,849 INFO analysis_core.index: Building index for asa (/Users/jangronemann/Library/CloudStorage/OneDrive-Sentia/Scandlines/scand-ops/rancid-backups/nberswla02)
2025-11-12 08:54:07,851 INFO analysis_core.index: Finished index for asa (/Users/jangronemann/Library/CloudStorage/OneDrive-Sentia/Scandlines/scand-ops/rancid-backups/nberswla02) in 0.00s (objects=0 groups=0)
2025-11-12 08:54:07,851 INFO analysis_core.index: Building index for asa (/Users/jangronemann/Library/CloudStorage/OneDrive-Sentia/Scandlines/scand-ops/rancid-backups/nberswla03)
2025-11-12 08:54:07,853 INFO analysis_core.index: Finished index for asa (/Users/jangronemann/Library/CloudStorage/OneDrive-Sentia/Scandlines/scand-ops/rancid-backups/nberswla03) in 0.00s (objects=0 groups=0)
2025-11-12 08:54:07,853 INFO analysis_core.index: Building index for asa (/Users/jangronemann/Library/CloudStorage/OneDrive-Sentia/Scandlines/scand-ops/rancid-backups/nberswla04)
2025-11-12 08:54:07,856 INFO analysis_core.index: Finished index for asa (/Users/jangronemann/Library/CloudStorage/OneDrive-Sentia/Scandlines/scand-ops/rancid-backups/nberswla04) in 0.00s (objects=0 groups=0)
2025-11-12 08:54:07,856 INFO analysis_core.index: Building index for asa (/Users/jangronemann/Library/CloudStorage/OneDrive-Sentia/Scandlines/scand-ops/rancid-backups/nberswla05)
2025-11-12 08:54:07,859 INFO analysis_core.index: Finished index for asa (/Users/jangronemann/Library/CloudStorage/OneDrive-Sentia/Scandlines/scand-ops/rancid-backups/nberswla05) in 0.00s (objects=0 groups=0)
2025-11-12 08:54:07,859 INFO analysis_core.index: Building index for asa (/Users/jangronemann/Library/CloudStorage/OneDrive-Sentia/Scandlines/scand-ops/rancid-backups/nberswla06)
2025-11-12 08:54:07,861 INFO analysis_core.index: Finished index for asa (/Users/jangronemann/Library/CloudStorage/OneDrive-Sentia/Scandlines/scand-ops/rancid-backups/nberswla06) in 0.00s (objects=0 groups=0)
2025-11-12 08:54:07,861 INFO analysis_core.index: Building index for asa (/Users/jangronemann/Library/CloudStorage/OneDrive-Sentia/Scandlines/scand-ops/rancid-backups/nberswla07)
2025-11-12 08:54:07,866 INFO analysis_core.index: Finished index for asa (/Users/jangronemann/Library/CloudStorage/OneDrive-Sentia/Scandlines/scand-ops/rancid-backups/nberswla07) in 0.01s (objects=0 groups=0)
2025-11-12 08:54:07,867 INFO analysis_core.index: Building index for asa (/Users/jangronemann/Library/CloudStorage/OneDrive-Sentia/Scandlines/scand-ops/rancid-backups/nberswla08)
2025-11-12 08:54:07,871 INFO analysis_core.index: Finished index for asa (/Users/jangronemann/Library/CloudStorage/OneDrive-Sentia/Scandlines/scand-ops/rancid-backups/nberswla08) in 0.00s (objects=0 groups=0)
2025-11-12 08:54:07,871 INFO analysis_core.index: Building index for asa (/Users/jangronemann/Library/CloudStorage/OneDrive-Sentia/Scandlines/scand-ops/rancid-backups/nberswla09)
2025-11-12 08:54:07,875 INFO analysis_core.index: Finished index for asa (/Users/jangronemann/Library/CloudStorage/OneDrive-Sentia/Scandlines/scand-ops/rancid-backups/nberswla09) in 0.00s (objects=0 groups=0)
2025-11-12 08:54:07,875 INFO analysis_core.index: Building index for asa (/Users/jangronemann/Library/CloudStorage/OneDrive-Sentia/Scandlines/scand-ops/rancid-backups/nberswla10)
2025-11-12 08:54:07,879 INFO analysis_core.index: Finished index for asa (/Users/jangronemann/Library/CloudStorage/OneDrive-Sentia/Scandlines/scand-ops/rancid-backups/nberswla10) in 0.00s (objects=0 groups=0)
2025-11-12 08:54:07,879 INFO analysis_core.index: Building index for asa (/Users/jangronemann/Library/CloudStorage/OneDrive-Sentia/Scandlines/scand-ops/rancid-backups/nberswla11)
2025-11-12 08:54:07,882 INFO analysis_core.index: Finished index for asa (/Users/jangronemann/Library/CloudStorage/OneDrive-Sentia/Scandlines/scand-ops/rancid-backups/nberswla11) in 0.00s (objects=0 groups=0)
2025-11-12 08:54:07,882 INFO analysis_core.index: Building index for asa (/Users/jangronemann/Library/CloudStorage/OneDrive-Sentia/Scandlines/scand-ops/rancid-backups/nberswla14)
2025-11-12 08:54:07,883 INFO analysis_core.index: Finished index for asa (/Users/jangronemann/Library/CloudStorage/OneDrive-Sentia/Scandlines/scand-ops/rancid-backups/nberswla14) in 0.00s (objects=0 groups=0)
2025-11-12 08:54:07,883 INFO analysis_core.index: Building index for asa (/Users/jangronemann/Library/CloudStorage/OneDrive-Sentia/Scandlines/scand-ops/rancid-backups/nberswlu100)
2025-11-12 08:54:07,883 INFO analysis_core.index: Finished index for asa (/Users/jangronemann/Library/CloudStorage/OneDrive-Sentia/Scandlines/scand-ops/rancid-backups/nberswlu100) in 0.00s (objects=0 groups=0)
2025-11-12 08:54:07,883 INFO analysis_core.index: Building index for asa (/Users/jangronemann/Library/CloudStorage/OneDrive-Sentia/Scandlines/scand-ops/rancid-backups/nberswlu101)
2025-11-12 08:54:07,883 INFO analysis_core.index: Finished index for asa (/Users/jangronemann/Library/CloudStorage/OneDrive-Sentia/Scandlines/scand-ops/rancid-backups/nberswlu101) in 0.00s (objects=0 groups=0)
2025-11-12 08:54:07,883 INFO analysis_core.index: Building index for asa (/Users/jangronemann/Library/CloudStorage/OneDrive-Sentia/Scandlines/scand-ops/rancid-backups/ncopftg)
2025-11-12 08:54:07,884 INFO analysis_core.index: Finished index for asa (/Users/jangronemann/Library/CloudStorage/OneDrive-Sentia/Scandlines/scand-ops/rancid-backups/ncopftg) in 0.00s (objects=0 groups=0)
2025-11-12 08:54:07,884 INFO analysis_core.index: Building index for asa (/Users/jangronemann/Library/CloudStorage/OneDrive-Sentia/Scandlines/scand-ops/rancid-backups/ncphrocp01)
2025-11-12 08:54:07,886 INFO analysis_core.index: Finished index for asa (/Users/jangronemann/Library/CloudStorage/OneDrive-Sentia/Scandlines/scand-ops/rancid-backups/ncphrocp01) in 0.00s (objects=0 groups=0)
2025-11-12 08:54:07,886 INFO analysis_core.index: Building index for asa (/Users/jangronemann/Library/CloudStorage/OneDrive-Sentia/Scandlines/scand-ops/rancid-backups/ncphrocp02)
2025-11-12 08:54:07,888 INFO analysis_core.index: Finished index for asa (/Users/jangronemann/Library/CloudStorage/OneDrive-Sentia/Scandlines/scand-ops/rancid-backups/ncphrocp02) in 0.00s (objects=0 groups=0)
2025-11-12 08:54:07,888 INFO analysis_core.index: Building index for asa (/Users/jangronemann/Library/CloudStorage/OneDrive-Sentia/Scandlines/scand-ops/rancid-backups/ncphrocp03)
2025-11-12 08:54:07,889 INFO analysis_core.index: Finished index for asa (/Users/jangronemann/Library/CloudStorage/OneDrive-Sentia/Scandlines/scand-ops/rancid-backups/ncphrocp03) in 0.00s (objects=0 groups=0)
2025-11-12 08:54:07,889 INFO analysis_core.index: Building index for asa (/Users/jangronemann/Library/CloudStorage/OneDrive-Sentia/Scandlines/scand-ops/rancid-backups/ndcftg)
2025-11-12 08:54:07,889 INFO analysis_core.index: Finished index for asa (/Users/jangronemann/Library/CloudStorage/OneDrive-Sentia/Scandlines/scand-ops/rancid-backups/ndcftg) in 0.00s (objects=0 groups=0)
2025-11-12 08:54:07,889 INFO analysis_core.index: Building index for asa (/Users/jangronemann/Library/CloudStorage/OneDrive-Sentia/Scandlines/scand-ops/rancid-backups/ndeurocp02)
2025-11-12 08:54:07,890 INFO analysis_core.index: Finished index for asa (/Users/jangronemann/Library/CloudStorage/OneDrive-Sentia/Scandlines/scand-ops/rancid-backups/ndeurocp02) in 0.00s (objects=0 groups=0)
2025-11-12 08:54:07,890 INFO analysis_core.index: Building index for asa (/Users/jangronemann/Library/CloudStorage/OneDrive-Sentia/Scandlines/scand-ops/rancid-backups/ndeurocp03)
2025-11-12 08:54:07,892 INFO analysis_core.index: Finished index for asa (/Users/jangronemann/Library/CloudStorage/OneDrive-Sentia/Scandlines/scand-ops/rancid-backups/ndeurocp03) in 0.00s (objects=0 groups=0)
2025-11-12 08:54:07,892 INFO analysis_core.index: Building index for asa (/Users/jangronemann/Library/CloudStorage/OneDrive-Sentia/Scandlines/scand-ops/rancid-backups/ndeuswla01)
2025-11-12 08:54:07,893 INFO analysis_core.index: Finished index for asa (/Users/jangronemann/Library/CloudStorage/OneDrive-Sentia/Scandlines/scand-ops/rancid-backups/ndeuswla01) in 0.00s (objects=0 groups=0)
2025-11-12 08:54:07,893 INFO analysis_core.index: Building index for asa (/Users/jangronemann/Library/CloudStorage/OneDrive-Sentia/Scandlines/scand-ops/rancid-backups/ndeuswla02)
2025-11-12 08:54:07,895 INFO analysis_core.index: Finished index for asa (/Users/jangronemann/Library/CloudStorage/OneDrive-Sentia/Scandlines/scand-ops/rancid-backups/ndeuswla02) in 0.00s (objects=0 groups=0)
2025-11-12 08:54:07,895 INFO analysis_core.index: Building index for asa (/Users/jangronemann/Library/CloudStorage/OneDrive-Sentia/Scandlines/scand-ops/rancid-backups/ndeuswla05)
2025-11-12 08:54:07,895 INFO analysis_core.index: Finished index for asa (/Users/jangronemann/Library/CloudStorage/OneDrive-Sentia/Scandlines/scand-ops/rancid-backups/ndeuswla05) in 0.00s (objects=0 groups=0)
2025-11-12 08:54:07,896 INFO analysis_core.index: Building index for asa (/Users/jangronemann/Library/CloudStorage/OneDrive-Sentia/Scandlines/scand-ops/rancid-backups/ndeuswlm101)
2025-11-12 08:54:07,897 INFO analysis_core.index: Finished index for asa (/Users/jangronemann/Library/CloudStorage/OneDrive-Sentia/Scandlines/scand-ops/rancid-backups/ndeuswlm101) in 0.00s (objects=0 groups=0)
2025-11-12 08:54:07,897 INFO analysis_core.index: Building index for asa (/Users/jangronemann/Library/CloudStorage/OneDrive-Sentia/Scandlines/scand-ops/rancid-backups/ndeuswlm102)
2025-11-12 08:54:07,898 INFO analysis_core.index: Finished index for asa (/Users/jangronemann/Library/CloudStorage/OneDrive-Sentia/Scandlines/scand-ops/rancid-backups/ndeuswlm102) in 0.00s (objects=0 groups=0)
2025-11-12 08:54:07,899 INFO analysis_core.index: Building index for asa (/Users/jangronemann/Library/CloudStorage/OneDrive-Sentia/Scandlines/scand-ops/rancid-backups/ndeuswlm103)
2025-11-12 08:54:07,900 INFO analysis_core.index: Finished index for asa (/Users/jangronemann/Library/CloudStorage/OneDrive-Sentia/Scandlines/scand-ops/rancid-backups/ndeuswlm103) in 0.00s (objects=0 groups=0)
2025-11-12 08:54:07,900 INFO analysis_core.index: Building index for asa (/Users/jangronemann/Library/CloudStorage/OneDrive-Sentia/Scandlines/scand-ops/rancid-backups/ndeuswlm107)
2025-11-12 08:54:07,901 INFO analysis_core.index: Finished index for asa (/Users/jangronemann/Library/CloudStorage/OneDrive-Sentia/Scandlines/scand-ops/rancid-backups/ndeuswlm107) in 0.00s (objects=0 groups=0)
2025-11-12 08:54:07,901 INFO analysis_core.index: Building index for asa (/Users/jangronemann/Library/CloudStorage/OneDrive-Sentia/Scandlines/scand-ops/rancid-backups/ndeuswlm108)
2025-11-12 08:54:07,903 INFO analysis_core.index: Finished index for asa (/Users/jangronemann/Library/CloudStorage/OneDrive-Sentia/Scandlines/scand-ops/rancid-backups/ndeuswlm108) in 0.00s (objects=0 groups=0)
2025-11-12 08:54:07,903 INFO analysis_core.index: Building index for asa (/Users/jangronemann/Library/CloudStorage/OneDrive-Sentia/Scandlines/scand-ops/rancid-backups/ndeuswlu100)
2025-11-12 08:54:07,903 INFO analysis_core.index: Finished index for asa (/Users/jangronemann/Library/CloudStorage/OneDrive-Sentia/Scandlines/scand-ops/rancid-backups/ndeuswlu100) in 0.00s (objects=0 groups=0)
2025-11-12 08:54:07,903 INFO analysis_core.index: Building index for asa (/Users/jangronemann/Library/CloudStorage/OneDrive-Sentia/Scandlines/scand-ops/rancid-backups/ndeuswlu106)
2025-11-12 08:54:07,903 INFO analysis_core.index: Finished index for asa (/Users/jangronemann/Library/CloudStorage/OneDrive-Sentia/Scandlines/scand-ops/rancid-backups/ndeuswlu106) in 0.00s (objects=0 groups=0)
2025-11-12 08:54:07,903 INFO analysis_core.index: Building index for asa (/Users/jangronemann/Library/CloudStorage/OneDrive-Sentia/Scandlines/scand-ops/rancid-backups/ndeuswlu109)
2025-11-12 08:54:07,903 INFO analysis_core.index: Finished index for asa (/Users/jangronemann/Library/CloudStorage/OneDrive-Sentia/Scandlines/scand-ops/rancid-backups/ndeuswlu109) in 0.00s (objects=0 groups=0)
2025-11-12 08:54:07,904 INFO analysis_core.index: Building index for asa (/Users/jangronemann/Library/CloudStorage/OneDrive-Sentia/Scandlines/scand-ops/rancid-backups/ndeuswlu111)
2025-11-12 08:54:07,904 INFO analysis_core.index: Finished index for asa (/Users/jangronemann/Library/CloudStorage/OneDrive-Sentia/Scandlines/scand-ops/rancid-backups/ndeuswlu111) in 0.00s (objects=0 groups=0)
2025-11-12 08:54:07,904 INFO analysis_core.index: Building index for asa (/Users/jangronemann/Library/CloudStorage/OneDrive-Sentia/Scandlines/scand-ops/rancid-backups/ndeuswlu112)
2025-11-12 08:54:07,904 INFO analysis_core.index: Finished index for asa (/Users/jangronemann/Library/CloudStorage/OneDrive-Sentia/Scandlines/scand-ops/rancid-backups/ndeuswlu112) in 0.00s (objects=0 groups=0)
2025-11-12 08:54:07,904 INFO analysis_core.index: Building index for asa (/Users/jangronemann/Library/CloudStorage/OneDrive-Sentia/Scandlines/scand-ops/rancid-backups/ndeuswlu113)
2025-11-12 08:54:07,904 INFO analysis_core.index: Finished index for asa (/Users/jangronemann/Library/CloudStorage/OneDrive-Sentia/Scandlines/scand-ops/rancid-backups/ndeuswlu113) in 0.00s (objects=0 groups=0)
2025-11-12 08:54:07,904 INFO analysis_core.index: Building index for asa (/Users/jangronemann/Library/CloudStorage/OneDrive-Sentia/Scandlines/scand-ops/rancid-backups/ndeuswlu114)
2025-11-12 08:54:07,904 INFO analysis_core.index: Finished index for asa (/Users/jangronemann/Library/CloudStorage/OneDrive-Sentia/Scandlines/scand-ops/rancid-backups/ndeuswlu114) in 0.00s (objects=0 groups=0)
2025-11-12 08:54:07,904 INFO analysis_core.index: Building index for asa (/Users/jangronemann/Library/CloudStorage/OneDrive-Sentia/Scandlines/scand-ops/rancid-backups/ndeuswlu115)
2025-11-12 08:54:07,904 INFO analysis_core.index: Finished index for asa (/Users/jangronemann/Library/CloudStorage/OneDrive-Sentia/Scandlines/scand-ops/rancid-backups/ndeuswlu115) in 0.00s (objects=0 groups=0)
2025-11-12 08:54:07,905 INFO analysis_core.index: Building index for asa (/Users/jangronemann/Library/CloudStorage/OneDrive-Sentia/Scandlines/scand-ops/rancid-backups/ndeuswlu116)
2025-11-12 08:54:07,905 INFO analysis_core.index: Finished index for asa (/Users/jangronemann/Library/CloudStorage/OneDrive-Sentia/Scandlines/scand-ops/rancid-backups/ndeuswlu116) in 0.00s (objects=0 groups=0)
2025-11-12 08:54:07,905 INFO analysis_core.index: Building index for asa (/Users/jangronemann/Library/CloudStorage/OneDrive-Sentia/Scandlines/scand-ops/rancid-backups/nfutftg)
2025-11-12 08:54:07,905 INFO analysis_core.index: Finished index for asa (/Users/jangronemann/Library/CloudStorage/OneDrive-Sentia/Scandlines/scand-ops/rancid-backups/nfutftg) in 0.00s (objects=0 groups=0)
2025-11-12 08:54:07,905 INFO analysis_core.index: Building index for asa (/Users/jangronemann/Library/CloudStorage/OneDrive-Sentia/Scandlines/scand-ops/rancid-backups/nfutswlu31)
2025-11-12 08:54:07,905 INFO analysis_core.index: Finished index for asa (/Users/jangronemann/Library/CloudStorage/OneDrive-Sentia/Scandlines/scand-ops/rancid-backups/nfutswlu31) in 0.00s (objects=0 groups=0)
2025-11-12 08:54:07,905 INFO analysis_core.index: Building index for asa (/Users/jangronemann/Library/CloudStorage/OneDrive-Sentia/Scandlines/scand-ops/rancid-backups/nfutswlu32)
2025-11-12 08:54:07,905 INFO analysis_core.index: Finished index for asa (/Users/jangronemann/Library/CloudStorage/OneDrive-Sentia/Scandlines/scand-ops/rancid-backups/nfutswlu32) in 0.00s (objects=0 groups=0)
2025-11-12 08:54:07,905 INFO analysis_core.index: Building index for asa (/Users/jangronemann/Library/CloudStorage/OneDrive-Sentia/Scandlines/scand-ops/rancid-backups/ngedftg)
2025-11-12 08:54:07,905 INFO analysis_core.index: Finished index for asa (/Users/jangronemann/Library/CloudStorage/OneDrive-Sentia/Scandlines/scand-ops/rancid-backups/ngedftg) in 0.00s (objects=0 groups=0)
2025-11-12 08:54:07,905 INFO analysis_core.index: Building index for asa (/Users/jangronemann/Library/CloudStorage/OneDrive-Sentia/Scandlines/scand-ops/rancid-backups/ngedrocp03)
2025-11-12 08:54:07,906 INFO analysis_core.index: Finished index for asa (/Users/jangronemann/Library/CloudStorage/OneDrive-Sentia/Scandlines/scand-ops/rancid-backups/ngedrocp03) in 0.00s (objects=0 groups=0)
2025-11-12 08:54:07,906 INFO analysis_core.index: Building index for asa (/Users/jangronemann/Library/CloudStorage/OneDrive-Sentia/Scandlines/scand-ops/rancid-backups/ngedswla21)
2025-11-12 08:54:07,907 INFO analysis_core.index: Finished index for asa (/Users/jangronemann/Library/CloudStorage/OneDrive-Sentia/Scandlines/scand-ops/rancid-backups/ngedswla21) in 0.00s (objects=0 groups=0)
2025-11-12 08:54:07,907 INFO analysis_core.index: Building index for asa (/Users/jangronemann/Library/CloudStorage/OneDrive-Sentia/Scandlines/scand-ops/rancid-backups/ngedswla24)
2025-11-12 08:54:07,909 INFO analysis_core.index: Finished index for asa (/Users/jangronemann/Library/CloudStorage/OneDrive-Sentia/Scandlines/scand-ops/rancid-backups/ngedswla24) in 0.00s (objects=0 groups=0)
2025-11-12 08:54:07,909 INFO analysis_core.index: Building index for asa (/Users/jangronemann/Library/CloudStorage/OneDrive-Sentia/Scandlines/scand-ops/rancid-backups/ngedswla30)
2025-11-12 08:54:07,910 INFO analysis_core.index: Finished index for asa (/Users/jangronemann/Library/CloudStorage/OneDrive-Sentia/Scandlines/scand-ops/rancid-backups/ngedswla30) in 0.00s (objects=0 groups=0)
2025-11-12 08:54:07,910 INFO analysis_core.index: Building index for asa (/Users/jangronemann/Library/CloudStorage/OneDrive-Sentia/Scandlines/scand-ops/rancid-backups/ngedswla31)
2025-11-12 08:54:07,911 INFO analysis_core.index: Finished index for asa (/Users/jangronemann/Library/CloudStorage/OneDrive-Sentia/Scandlines/scand-ops/rancid-backups/ngedswla31) in 0.00s (objects=0 groups=0)
2025-11-12 08:54:07,911 INFO analysis_core.index: Building index for asa (/Users/jangronemann/Library/CloudStorage/OneDrive-Sentia/Scandlines/scand-ops/rancid-backups/ngedswla32)
2025-11-12 08:54:07,913 INFO analysis_core.index: Finished index for asa (/Users/jangronemann/Library/CloudStorage/OneDrive-Sentia/Scandlines/scand-ops/rancid-backups/ngedswla32) in 0.00s (objects=0 groups=0)
2025-11-12 08:54:07,913 INFO analysis_core.index: Building index for asa (/Users/jangronemann/Library/CloudStorage/OneDrive-Sentia/Scandlines/scand-ops/rancid-backups/ngedswla33)
2025-11-12 08:54:07,914 INFO analysis_core.index: Finished index for asa (/Users/jangronemann/Library/CloudStorage/OneDrive-Sentia/Scandlines/scand-ops/rancid-backups/ngedswla33) in 0.00s (objects=0 groups=0)
2025-11-12 08:54:07,914 INFO analysis_core.index: Building index for asa (/Users/jangronemann/Library/CloudStorage/OneDrive-Sentia/Scandlines/scand-ops/rancid-backups/ngedswla34)
2025-11-12 08:54:07,915 INFO analysis_core.index: Finished index for asa (/Users/jangronemann/Library/CloudStorage/OneDrive-Sentia/Scandlines/scand-ops/rancid-backups/ngedswla34) in 0.00s (objects=0 groups=0)
2025-11-12 08:54:07,915 INFO analysis_core.index: Building index for asa (/Users/jangronemann/Library/CloudStorage/OneDrive-Sentia/Scandlines/scand-ops/rancid-backups/ngedswla35)
2025-11-12 08:54:07,916 INFO analysis_core.index: Finished index for asa (/Users/jangronemann/Library/CloudStorage/OneDrive-Sentia/Scandlines/scand-ops/rancid-backups/ngedswla35) in 0.00s (objects=0 groups=0)
2025-11-12 08:54:07,917 INFO analysis_core.index: Building index for asa (/Users/jangronemann/Library/CloudStorage/OneDrive-Sentia/Scandlines/scand-ops/rancid-backups/ngedswla38)
2025-11-12 08:54:07,918 INFO analysis_core.index: Finished index for asa (/Users/jangronemann/Library/CloudStorage/OneDrive-Sentia/Scandlines/scand-ops/rancid-backups/ngedswla38) in 0.00s (objects=0 groups=0)
2025-11-12 08:54:07,918 INFO analysis_core.index: Building index for asa (/Users/jangronemann/Library/CloudStorage/OneDrive-Sentia/Scandlines/scand-ops/rancid-backups/ngedswla39)
2025-11-12 08:54:07,919 INFO analysis_core.index: Finished index for asa (/Users/jangronemann/Library/CloudStorage/OneDrive-Sentia/Scandlines/scand-ops/rancid-backups/ngedswla39) in 0.00s (objects=0 groups=0)
2025-11-12 08:54:07,919 INFO analysis_core.index: Building index for asa (/Users/jangronemann/Library/CloudStorage/OneDrive-Sentia/Scandlines/scand-ops/rancid-backups/ngedswlm100)
2025-11-12 08:54:07,921 INFO analysis_core.index: Finished index for asa (/Users/jangronemann/Library/CloudStorage/OneDrive-Sentia/Scandlines/scand-ops/rancid-backups/ngedswlm100) in 0.00s (objects=0 groups=0)
2025-11-12 08:54:07,921 INFO analysis_core.index: Building index for asa (/Users/jangronemann/Library/CloudStorage/OneDrive-Sentia/Scandlines/scand-ops/rancid-backups/ngedswlm103)
2025-11-12 08:54:07,922 INFO analysis_core.index: Finished index for asa (/Users/jangronemann/Library/CloudStorage/OneDrive-Sentia/Scandlines/scand-ops/rancid-backups/ngedswlm103) in 0.00s (objects=0 groups=0)
2025-11-12 08:54:07,923 INFO analysis_core.index: Building index for asa (/Users/jangronemann/Library/CloudStorage/OneDrive-Sentia/Scandlines/scand-ops/rancid-backups/ngedswlm104)
2025-11-12 08:54:07,924 INFO analysis_core.index: Finished index for asa (/Users/jangronemann/Library/CloudStorage/OneDrive-Sentia/Scandlines/scand-ops/rancid-backups/ngedswlm104) in 0.00s (objects=0 groups=0)
2025-11-12 08:54:07,924 INFO analysis_core.index: Building index for asa (/Users/jangronemann/Library/CloudStorage/OneDrive-Sentia/Scandlines/scand-ops/rancid-backups/ngedswlm105)
2025-11-12 08:54:07,926 INFO analysis_core.index: Finished index for asa (/Users/jangronemann/Library/CloudStorage/OneDrive-Sentia/Scandlines/scand-ops/rancid-backups/ngedswlm105) in 0.00s (objects=0 groups=0)
2025-11-12 08:54:07,926 INFO analysis_core.index: Building index for asa (/Users/jangronemann/Library/CloudStorage/OneDrive-Sentia/Scandlines/scand-ops/rancid-backups/ngedswlm106)
2025-11-12 08:54:07,928 INFO analysis_core.index: Finished index for asa (/Users/jangronemann/Library/CloudStorage/OneDrive-Sentia/Scandlines/scand-ops/rancid-backups/ngedswlm106) in 0.00s (objects=0 groups=0)
2025-11-12 08:54:07,928 INFO analysis_core.index: Building index for asa (/Users/jangronemann/Library/CloudStorage/OneDrive-Sentia/Scandlines/scand-ops/rancid-backups/ngedswlm110)
2025-11-12 08:54:07,930 INFO analysis_core.index: Finished index for asa (/Users/jangronemann/Library/CloudStorage/OneDrive-Sentia/Scandlines/scand-ops/rancid-backups/ngedswlm110) in 0.00s (objects=0 groups=0)
2025-11-12 08:54:07,930 INFO analysis_core.index: Building index for asa (/Users/jangronemann/Library/CloudStorage/OneDrive-Sentia/Scandlines/scand-ops/rancid-backups/ngedswlm145)
2025-11-12 08:54:07,931 INFO analysis_core.index: Finished index for asa (/Users/jangronemann/Library/CloudStorage/OneDrive-Sentia/Scandlines/scand-ops/rancid-backups/ngedswlm145) in 0.00s (objects=0 groups=0)
2025-11-12 08:54:07,932 INFO analysis_core.index: Building index for asa (/Users/jangronemann/Library/CloudStorage/OneDrive-Sentia/Scandlines/scand-ops/rancid-backups/ngedswlu101)
2025-11-12 08:54:07,932 INFO analysis_core.index: Finished index for asa (/Users/jangronemann/Library/CloudStorage/OneDrive-Sentia/Scandlines/scand-ops/rancid-backups/ngedswlu101) in 0.00s (objects=0 groups=0)
2025-11-12 08:54:07,932 INFO analysis_core.index: Building index for asa (/Users/jangronemann/Library/CloudStorage/OneDrive-Sentia/Scandlines/scand-ops/rancid-backups/ngedswlu107)
2025-11-12 08:54:07,932 INFO analysis_core.index: Finished index for asa (/Users/jangronemann/Library/CloudStorage/OneDrive-Sentia/Scandlines/scand-ops/rancid-backups/ngedswlu107) in 0.00s (objects=0 groups=0)
2025-11-12 08:54:07,932 INFO analysis_core.index: Building index for asa (/Users/jangronemann/Library/CloudStorage/OneDrive-Sentia/Scandlines/scand-ops/rancid-backups/ngedswlu108)
2025-11-12 08:54:07,932 INFO analysis_core.index: Finished index for asa (/Users/jangronemann/Library/CloudStorage/OneDrive-Sentia/Scandlines/scand-ops/rancid-backups/ngedswlu108) in 0.00s (objects=0 groups=0)
2025-11-12 08:54:07,932 INFO analysis_core.index: Building index for asa (/Users/jangronemann/Library/CloudStorage/OneDrive-Sentia/Scandlines/scand-ops/rancid-backups/ngedswlu109)
2025-11-12 08:54:07,932 INFO analysis_core.index: Finished index for asa (/Users/jangronemann/Library/CloudStorage/OneDrive-Sentia/Scandlines/scand-ops/rancid-backups/ngedswlu109) in 0.00s (objects=0 groups=0)
2025-11-12 08:54:07,932 INFO analysis_core.index: Building index for asa (/Users/jangronemann/Library/CloudStorage/OneDrive-Sentia/Scandlines/scand-ops/rancid-backups/ngedswlu111)
2025-11-12 08:54:07,932 INFO analysis_core.index: Finished index for asa (/Users/jangronemann/Library/CloudStorage/OneDrive-Sentia/Scandlines/scand-ops/rancid-backups/ngedswlu111) in 0.00s (objects=0 groups=0)
2025-11-12 08:54:07,932 INFO analysis_core.index: Building index for asa (/Users/jangronemann/Library/CloudStorage/OneDrive-Sentia/Scandlines/scand-ops/rancid-backups/ngedswlu124)
2025-11-12 08:54:07,932 INFO analysis_core.index: Finished index for asa (/Users/jangronemann/Library/CloudStorage/OneDrive-Sentia/Scandlines/scand-ops/rancid-backups/ngedswlu124) in 0.00s (objects=0 groups=0)
2025-11-12 08:54:07,932 INFO analysis_core.index: Building index for asa (/Users/jangronemann/Library/CloudStorage/OneDrive-Sentia/Scandlines/scand-ops/rancid-backups/ngedswlu129)
2025-11-12 08:54:07,932 INFO analysis_core.index: Finished index for asa (/Users/jangronemann/Library/CloudStorage/OneDrive-Sentia/Scandlines/scand-ops/rancid-backups/ngedswlu129) in 0.00s (objects=0 groups=0)
2025-11-12 08:54:07,932 INFO analysis_core.index: Building index for asa (/Users/jangronemann/Library/CloudStorage/OneDrive-Sentia/Scandlines/scand-ops/rancid-backups/ngedswlu130)
2025-11-12 08:54:07,932 INFO analysis_core.index: Finished index for asa (/Users/jangronemann/Library/CloudStorage/OneDrive-Sentia/Scandlines/scand-ops/rancid-backups/ngedswlu130) in 0.00s (objects=0 groups=0)
2025-11-12 08:54:07,932 INFO analysis_core.index: Building index for asa (/Users/jangronemann/Library/CloudStorage/OneDrive-Sentia/Scandlines/scand-ops/rancid-backups/ngedswlu131)
2025-11-12 08:54:07,932 INFO analysis_core.index: Finished index for asa (/Users/jangronemann/Library/CloudStorage/OneDrive-Sentia/Scandlines/scand-ops/rancid-backups/ngedswlu131) in 0.00s (objects=0 groups=0)
2025-11-12 08:54:07,932 INFO analysis_core.index: Building index for asa (/Users/jangronemann/Library/CloudStorage/OneDrive-Sentia/Scandlines/scand-ops/rancid-backups/ngedswlu132)
2025-11-12 08:54:07,932 INFO analysis_core.index: Finished index for asa (/Users/jangronemann/Library/CloudStorage/OneDrive-Sentia/Scandlines/scand-ops/rancid-backups/ngedswlu132) in 0.00s (objects=0 groups=0)
2025-11-12 08:54:07,932 INFO analysis_core.index: Building index for asa (/Users/jangronemann/Library/CloudStorage/OneDrive-Sentia/Scandlines/scand-ops/rancid-backups/ngedswlu133)
2025-11-12 08:54:07,932 INFO analysis_core.index: Finished index for asa (/Users/jangronemann/Library/CloudStorage/OneDrive-Sentia/Scandlines/scand-ops/rancid-backups/ngedswlu133) in 0.00s (objects=0 groups=0)
2025-11-12 08:54:07,932 INFO analysis_core.index: Building index for asa (/Users/jangronemann/Library/CloudStorage/OneDrive-Sentia/Scandlines/scand-ops/rancid-backups/ngedswlu134)
2025-11-12 08:54:07,932 INFO analysis_core.index: Finished index for asa (/Users/jangronemann/Library/CloudStorage/OneDrive-Sentia/Scandlines/scand-ops/rancid-backups/ngedswlu134) in 0.00s (objects=0 groups=0)
2025-11-12 08:54:07,932 INFO analysis_core.index: Building index for asa (/Users/jangronemann/Library/CloudStorage/OneDrive-Sentia/Scandlines/scand-ops/rancid-backups/ngedswlu135)
2025-11-12 08:54:07,933 INFO analysis_core.index: Finished index for asa (/Users/jangronemann/Library/CloudStorage/OneDrive-Sentia/Scandlines/scand-ops/rancid-backups/ngedswlu135) in 0.00s (objects=0 groups=0)
2025-11-12 08:54:07,933 INFO analysis_core.index: Building index for asa (/Users/jangronemann/Library/CloudStorage/OneDrive-Sentia/Scandlines/scand-ops/rancid-backups/ngedswlu136)
2025-11-12 08:54:07,933 INFO analysis_core.index: Finished index for asa (/Users/jangronemann/Library/CloudStorage/OneDrive-Sentia/Scandlines/scand-ops/rancid-backups/ngedswlu136) in 0.00s (objects=0 groups=0)
2025-11-12 08:54:07,933 INFO analysis_core.index: Building index for asa (/Users/jangronemann/Library/CloudStorage/OneDrive-Sentia/Scandlines/scand-ops/rancid-backups/ngedswlu137)
2025-11-12 08:54:07,933 INFO analysis_core.index: Finished index for asa (/Users/jangronemann/Library/CloudStorage/OneDrive-Sentia/Scandlines/scand-ops/rancid-backups/ngedswlu137) in 0.00s (objects=0 groups=0)
2025-11-12 08:54:07,933 INFO analysis_core.index: Building index for asa (/Users/jangronemann/Library/CloudStorage/OneDrive-Sentia/Scandlines/scand-ops/rancid-backups/ngedswlu138)
2025-11-12 08:54:07,933 INFO analysis_core.index: Finished index for asa (/Users/jangronemann/Library/CloudStorage/OneDrive-Sentia/Scandlines/scand-ops/rancid-backups/ngedswlu138) in 0.00s (objects=0 groups=0)
2025-11-12 08:54:07,933 INFO analysis_core.index: Building index for asa (/Users/jangronemann/Library/CloudStorage/OneDrive-Sentia/Scandlines/scand-ops/rancid-backups/ngedswlu141)
2025-11-12 08:54:07,933 INFO analysis_core.index: Finished index for asa (/Users/jangronemann/Library/CloudStorage/OneDrive-Sentia/Scandlines/scand-ops/rancid-backups/ngedswlu141) in 0.00s (objects=0 groups=0)
2025-11-12 08:54:07,933 INFO analysis_core.index: Building index for asa (/Users/jangronemann/Library/CloudStorage/OneDrive-Sentia/Scandlines/scand-ops/rancid-backups/ngedswlu147)
2025-11-12 08:54:07,933 INFO analysis_core.index: Finished index for asa (/Users/jangronemann/Library/CloudStorage/OneDrive-Sentia/Scandlines/scand-ops/rancid-backups/ngedswlu147) in 0.00s (objects=0 groups=0)
2025-11-12 08:54:07,934 INFO analysis_core.index: Building index for asa (/Users/jangronemann/Library/CloudStorage/OneDrive-Sentia/Scandlines/scand-ops/rancid-backups/ngedswlu150)
2025-11-12 08:54:07,934 INFO analysis_core.index: Finished index for asa (/Users/jangronemann/Library/CloudStorage/OneDrive-Sentia/Scandlines/scand-ops/rancid-backups/ngedswlu150) in 0.00s (objects=0 groups=0)
2025-11-12 08:54:07,934 INFO analysis_core.index: Building index for asa (/Users/jangronemann/Library/CloudStorage/OneDrive-Sentia/Scandlines/scand-ops/rancid-backups/ngedswlu151)
2025-11-12 08:54:07,934 INFO analysis_core.index: Finished index for asa (/Users/jangronemann/Library/CloudStorage/OneDrive-Sentia/Scandlines/scand-ops/rancid-backups/ngedswlu151) in 0.00s (objects=0 groups=0)
2025-11-12 08:54:07,934 INFO analysis_core.index: Building index for asa (/Users/jangronemann/Library/CloudStorage/OneDrive-Sentia/Scandlines/scand-ops/rancid-backups/ngedswlu152)
2025-11-12 08:54:07,934 INFO analysis_core.index: Finished index for asa (/Users/jangronemann/Library/CloudStorage/OneDrive-Sentia/Scandlines/scand-ops/rancid-backups/ngedswlu152) in 0.00s (objects=0 groups=0)
2025-11-12 08:54:07,934 INFO analysis_core.index: Building index for asa (/Users/jangronemann/Library/CloudStorage/OneDrive-Sentia/Scandlines/scand-ops/rancid-backups/ngedswlu155)
2025-11-12 08:54:07,934 INFO analysis_core.index: Finished index for asa (/Users/jangronemann/Library/CloudStorage/OneDrive-Sentia/Scandlines/scand-ops/rancid-backups/ngedswlu155) in 0.00s (objects=0 groups=0)
2025-11-12 08:54:07,934 INFO analysis_core.index: Building index for asa (/Users/jangronemann/Library/CloudStorage/OneDrive-Sentia/Scandlines/scand-ops/rancid-backups/nkpfrocp01)
2025-11-12 08:54:07,936 INFO analysis_core.index: Finished index for asa (/Users/jangronemann/Library/CloudStorage/OneDrive-Sentia/Scandlines/scand-ops/rancid-backups/nkpfrocp01) in 0.00s (objects=0 groups=0)
2025-11-12 08:54:07,936 INFO analysis_core.index: Building index for asa (/Users/jangronemann/Library/CloudStorage/OneDrive-Sentia/Scandlines/scand-ops/rancid-backups/nkpfrocp03)
2025-11-12 08:54:07,937 INFO analysis_core.index: Finished index for asa (/Users/jangronemann/Library/CloudStorage/OneDrive-Sentia/Scandlines/scand-ops/rancid-backups/nkpfrocp03) in 0.00s (objects=0 groups=0)
2025-11-12 08:54:07,937 INFO analysis_core.index: Building index for asa (/Users/jangronemann/Library/CloudStorage/OneDrive-Sentia/Scandlines/scand-ops/rancid-backups/nkpfswlu100)
2025-11-12 08:54:07,937 INFO analysis_core.index: Finished index for asa (/Users/jangronemann/Library/CloudStorage/OneDrive-Sentia/Scandlines/scand-ops/rancid-backups/nkpfswlu100) in 0.00s (objects=0 groups=0)
2025-11-12 08:54:07,937 INFO analysis_core.index: Building index for asa (/Users/jangronemann/Library/CloudStorage/OneDrive-Sentia/Scandlines/scand-ops/rancid-backups/nkpfswlu101)
2025-11-12 08:54:07,937 INFO analysis_core.index: Finished index for asa (/Users/jangronemann/Library/CloudStorage/OneDrive-Sentia/Scandlines/scand-ops/rancid-backups/nkpfswlu101) in 0.00s (objects=0 groups=0)
2025-11-12 08:54:07,937 INFO analysis_core.index: Building index for asa (/Users/jangronemann/Library/CloudStorage/OneDrive-Sentia/Scandlines/scand-ops/rancid-backups/nkpfswlu102)
2025-11-12 08:54:07,937 INFO analysis_core.index: Finished index for asa (/Users/jangronemann/Library/CloudStorage/OneDrive-Sentia/Scandlines/scand-ops/rancid-backups/nkpfswlu102) in 0.00s (objects=0 groups=0)
2025-11-12 08:54:07,937 INFO analysis_core.index: Building index for asa (/Users/jangronemann/Library/CloudStorage/OneDrive-Sentia/Scandlines/scand-ops/rancid-backups/nkpfswlu103)
2025-11-12 08:54:07,937 INFO analysis_core.index: Finished index for asa (/Users/jangronemann/Library/CloudStorage/OneDrive-Sentia/Scandlines/scand-ops/rancid-backups/nkpfswlu103) in 0.00s (objects=0 groups=0)
2025-11-12 08:54:07,937 INFO analysis_core.index: Building index for asa (/Users/jangronemann/Library/CloudStorage/OneDrive-Sentia/Scandlines/scand-ops/rancid-backups/nkpfswlu104)
2025-11-12 08:54:07,937 INFO analysis_core.index: Finished index for asa (/Users/jangronemann/Library/CloudStorage/OneDrive-Sentia/Scandlines/scand-ops/rancid-backups/nkpfswlu104) in 0.00s (objects=0 groups=0)
2025-11-12 08:54:07,937 INFO analysis_core.index: Building index for asa (/Users/jangronemann/Library/CloudStorage/OneDrive-Sentia/Scandlines/scand-ops/rancid-backups/nkpfswlu105)
2025-11-12 08:54:07,938 INFO analysis_core.index: Finished index for asa (/Users/jangronemann/Library/CloudStorage/OneDrive-Sentia/Scandlines/scand-ops/rancid-backups/nkpfswlu105) in 0.00s (objects=0 groups=0)
2025-11-12 08:54:07,938 INFO analysis_core.index: Building index for asa (/Users/jangronemann/Library/CloudStorage/OneDrive-Sentia/Scandlines/scand-ops/rancid-backups/nkpfswlu106)
2025-11-12 08:54:07,938 INFO analysis_core.index: Finished index for asa (/Users/jangronemann/Library/CloudStorage/OneDrive-Sentia/Scandlines/scand-ops/rancid-backups/nkpfswlu106) in 0.00s (objects=0 groups=0)
2025-11-12 08:54:07,938 INFO analysis_core.index: Building index for asa (/Users/jangronemann/Library/CloudStorage/OneDrive-Sentia/Scandlines/scand-ops/rancid-backups/nkpfswlu107)
2025-11-12 08:54:07,938 INFO analysis_core.index: Finished index for asa (/Users/jangronemann/Library/CloudStorage/OneDrive-Sentia/Scandlines/scand-ops/rancid-backups/nkpfswlu107) in 0.00s (objects=0 groups=0)
2025-11-12 08:54:07,938 INFO analysis_core.index: Building index for asa (/Users/jangronemann/Library/CloudStorage/OneDrive-Sentia/Scandlines/scand-ops/rancid-backups/nkpfswlu108)
2025-11-12 08:54:07,938 INFO analysis_core.index: Finished index for asa (/Users/jangronemann/Library/CloudStorage/OneDrive-Sentia/Scandlines/scand-ops/rancid-backups/nkpfswlu108) in 0.00s (objects=0 groups=0)
2025-11-12 08:54:07,938 INFO analysis_core.index: Building index for asa (/Users/jangronemann/Library/CloudStorage/OneDrive-Sentia/Scandlines/scand-ops/rancid-backups/nkpfswlu109)
2025-11-12 08:54:07,938 INFO analysis_core.index: Finished index for asa (/Users/jangronemann/Library/CloudStorage/OneDrive-Sentia/Scandlines/scand-ops/rancid-backups/nkpfswlu109) in 0.00s (objects=0 groups=0)
2025-11-12 08:54:07,938 INFO analysis_core.index: Building index for asa (/Users/jangronemann/Library/CloudStorage/OneDrive-Sentia/Scandlines/scand-ops/rancid-backups/nkpfswlu110)
2025-11-12 08:54:07,938 INFO analysis_core.index: Finished index for asa (/Users/jangronemann/Library/CloudStorage/OneDrive-Sentia/Scandlines/scand-ops/rancid-backups/nkpfswlu110) in 0.00s (objects=0 groups=0)
2025-11-12 08:54:07,938 INFO analysis_core.index: Building index for asa (/Users/jangronemann/Library/CloudStorage/OneDrive-Sentia/Scandlines/scand-ops/rancid-backups/nkpfswlu111)
2025-11-12 08:54:07,938 INFO analysis_core.index: Finished index for asa (/Users/jangronemann/Library/CloudStorage/OneDrive-Sentia/Scandlines/scand-ops/rancid-backups/nkpfswlu111) in 0.00s (objects=0 groups=0)
2025-11-12 08:54:07,938 INFO analysis_core.index: Building index for asa (/Users/jangronemann/Library/CloudStorage/OneDrive-Sentia/Scandlines/scand-ops/rancid-backups/nkpfswlu112)
2025-11-12 08:54:07,938 INFO analysis_core.index: Finished index for asa (/Users/jangronemann/Library/CloudStorage/OneDrive-Sentia/Scandlines/scand-ops/rancid-backups/nkpfswlu112) in 0.00s (objects=0 groups=0)
2025-11-12 08:54:07,938 INFO analysis_core.index: Building index for asa (/Users/jangronemann/Library/CloudStorage/OneDrive-Sentia/Scandlines/scand-ops/rancid-backups/nkpfswlu113)
2025-11-12 08:54:07,938 INFO analysis_core.index: Finished index for asa (/Users/jangronemann/Library/CloudStorage/OneDrive-Sentia/Scandlines/scand-ops/rancid-backups/nkpfswlu113) in 0.00s (objects=0 groups=0)
2025-11-12 08:54:07,938 INFO analysis_core.index: Building index for asa (/Users/jangronemann/Library/CloudStorage/OneDrive-Sentia/Scandlines/scand-ops/rancid-backups/nnhamftg)
2025-11-12 08:54:07,938 INFO analysis_core.index: Finished index for asa (/Users/jangronemann/Library/CloudStorage/OneDrive-Sentia/Scandlines/scand-ops/rancid-backups/nnhamftg) in 0.00s (objects=0 groups=0)
2025-11-12 08:54:07,938 INFO analysis_core.index: Building index for asa (/Users/jangronemann/Library/CloudStorage/OneDrive-Sentia/Scandlines/scand-ops/rancid-backups/npberocp01)
2025-11-12 08:54:07,940 INFO analysis_core.index: Finished index for asa (/Users/jangronemann/Library/CloudStorage/OneDrive-Sentia/Scandlines/scand-ops/rancid-backups/npberocp01) in 0.00s (objects=0 groups=0)
2025-11-12 08:54:07,940 INFO analysis_core.index: Building index for asa (/Users/jangronemann/Library/CloudStorage/OneDrive-Sentia/Scandlines/scand-ops/rancid-backups/npberocp03)
2025-11-12 08:54:07,941 INFO analysis_core.index: Finished index for asa (/Users/jangronemann/Library/CloudStorage/OneDrive-Sentia/Scandlines/scand-ops/rancid-backups/npberocp03) in 0.00s (objects=0 groups=0)
2025-11-12 08:54:07,941 INFO analysis_core.index: Building index for asa (/Users/jangronemann/Library/CloudStorage/OneDrive-Sentia/Scandlines/scand-ops/rancid-backups/npbeswla20)
2025-11-12 08:54:07,943 INFO analysis_core.index: Finished index for asa (/Users/jangronemann/Library/CloudStorage/OneDrive-Sentia/Scandlines/scand-ops/rancid-backups/npbeswla20) in 0.00s (objects=0 groups=0)
2025-11-12 08:54:07,943 INFO analysis_core.index: Building index for asa (/Users/jangronemann/Library/CloudStorage/OneDrive-Sentia/Scandlines/scand-ops/rancid-backups/npbeswlu100)
2025-11-12 08:54:07,943 INFO analysis_core.index: Finished index for asa (/Users/jangronemann/Library/CloudStorage/OneDrive-Sentia/Scandlines/scand-ops/rancid-backups/npbeswlu100) in 0.00s (objects=0 groups=0)
2025-11-12 08:54:07,943 INFO analysis_core.index: Building index for asa (/Users/jangronemann/Library/CloudStorage/OneDrive-Sentia/Scandlines/scand-ops/rancid-backups/npbeswlu101)
2025-11-12 08:54:07,943 INFO analysis_core.index: Finished index for asa (/Users/jangronemann/Library/CloudStorage/OneDrive-Sentia/Scandlines/scand-ops/rancid-backups/npbeswlu101) in 0.00s (objects=0 groups=0)
2025-11-12 08:54:07,943 INFO analysis_core.index: Building index for asa (/Users/jangronemann/Library/CloudStorage/OneDrive-Sentia/Scandlines/scand-ops/rancid-backups/npbeswlu102)
2025-11-12 08:54:07,943 INFO analysis_core.index: Finished index for asa (/Users/jangronemann/Library/CloudStorage/OneDrive-Sentia/Scandlines/scand-ops/rancid-backups/npbeswlu102) in 0.00s (objects=0 groups=0)
2025-11-12 08:54:07,943 INFO analysis_core.index: Building index for asa (/Users/jangronemann/Library/CloudStorage/OneDrive-Sentia/Scandlines/scand-ops/rancid-backups/npbeswlu103)
2025-11-12 08:54:07,943 INFO analysis_core.index: Finished index for asa (/Users/jangronemann/Library/CloudStorage/OneDrive-Sentia/Scandlines/scand-ops/rancid-backups/npbeswlu103) in 0.00s (objects=0 groups=0)
2025-11-12 08:54:07,943 INFO analysis_core.index: Building index for asa (/Users/jangronemann/Library/CloudStorage/OneDrive-Sentia/Scandlines/scand-ops/rancid-backups/npbeswlu104)
2025-11-12 08:54:07,943 INFO analysis_core.index: Finished index for asa (/Users/jangronemann/Library/CloudStorage/OneDrive-Sentia/Scandlines/scand-ops/rancid-backups/npbeswlu104) in 0.00s (objects=0 groups=0)
2025-11-12 08:54:07,943 INFO analysis_core.index: Building index for asa (/Users/jangronemann/Library/CloudStorage/OneDrive-Sentia/Scandlines/scand-ops/rancid-backups/npbeswlu111)
2025-11-12 08:54:07,943 INFO analysis_core.index: Finished index for asa (/Users/jangronemann/Library/CloudStorage/OneDrive-Sentia/Scandlines/scand-ops/rancid-backups/npbeswlu111) in 0.00s (objects=0 groups=0)
2025-11-12 08:54:07,943 INFO analysis_core.index: Building index for asa (/Users/jangronemann/Library/CloudStorage/OneDrive-Sentia/Scandlines/scand-ops/rancid-backups/npbeswlu112)
2025-11-12 08:54:07,943 INFO analysis_core.index: Finished index for asa (/Users/jangronemann/Library/CloudStorage/OneDrive-Sentia/Scandlines/scand-ops/rancid-backups/npbeswlu112) in 0.00s (objects=0 groups=0)
2025-11-12 08:54:07,943 INFO analysis_core.index: Building index for asa (/Users/jangronemann/Library/CloudStorage/OneDrive-Sentia/Scandlines/scand-ops/rancid-backups/npbeswlu113)
2025-11-12 08:54:07,943 INFO analysis_core.index: Finished index for asa (/Users/jangronemann/Library/CloudStorage/OneDrive-Sentia/Scandlines/scand-ops/rancid-backups/npbeswlu113) in 0.00s (objects=0 groups=0)
2025-11-12 08:54:07,943 INFO analysis_core.index: Building index for asa (/Users/jangronemann/Library/CloudStorage/OneDrive-Sentia/Scandlines/scand-ops/rancid-backups/npbeswlu114)
2025-11-12 08:54:07,943 INFO analysis_core.index: Finished index for asa (/Users/jangronemann/Library/CloudStorage/OneDrive-Sentia/Scandlines/scand-ops/rancid-backups/npbeswlu114) in 0.00s (objects=0 groups=0)
2025-11-12 08:54:07,943 INFO analysis_core.index: Building index for asa (/Users/jangronemann/Library/CloudStorage/OneDrive-Sentia/Scandlines/scand-ops/rancid-backups/npbeswlu115)
2025-11-12 08:54:07,943 INFO analysis_core.index: Finished index for asa (/Users/jangronemann/Library/CloudStorage/OneDrive-Sentia/Scandlines/scand-ops/rancid-backups/npbeswlu115) in 0.00s (objects=0 groups=0)
2025-11-12 08:54:07,943 INFO analysis_core.index: Building index for asa (/Users/jangronemann/Library/CloudStorage/OneDrive-Sentia/Scandlines/scand-ops/rancid-backups/npbeswlu116)
2025-11-12 08:54:07,944 INFO analysis_core.index: Finished index for asa (/Users/jangronemann/Library/CloudStorage/OneDrive-Sentia/Scandlines/scand-ops/rancid-backups/npbeswlu116) in 0.00s (objects=0 groups=0)
2025-11-12 08:54:07,944 INFO analysis_core.index: Building index for asa (/Users/jangronemann/Library/CloudStorage/OneDrive-Sentia/Scandlines/scand-ops/rancid-backups/nprirocp02)
2025-11-12 08:54:07,945 INFO analysis_core.index: Finished index for asa (/Users/jangronemann/Library/CloudStorage/OneDrive-Sentia/Scandlines/scand-ops/rancid-backups/nprirocp02) in 0.00s (objects=0 groups=0)
2025-11-12 08:54:07,945 INFO analysis_core.index: Building index for asa (/Users/jangronemann/Library/CloudStorage/OneDrive-Sentia/Scandlines/scand-ops/rancid-backups/nprirocp03)
2025-11-12 08:54:07,946 INFO analysis_core.index: Finished index for asa (/Users/jangronemann/Library/CloudStorage/OneDrive-Sentia/Scandlines/scand-ops/rancid-backups/nprirocp03) in 0.00s (objects=0 groups=0)
2025-11-12 08:54:07,946 INFO analysis_core.index: Building index for asa (/Users/jangronemann/Library/CloudStorage/OneDrive-Sentia/Scandlines/scand-ops/rancid-backups/npriswlu100)
2025-11-12 08:54:07,946 INFO analysis_core.index: Finished index for asa (/Users/jangronemann/Library/CloudStorage/OneDrive-Sentia/Scandlines/scand-ops/rancid-backups/npriswlu100) in 0.00s (objects=0 groups=0)
2025-11-12 08:54:07,946 INFO analysis_core.index: Building index for asa (/Users/jangronemann/Library/CloudStorage/OneDrive-Sentia/Scandlines/scand-ops/rancid-backups/npriswlu101)
2025-11-12 08:54:07,946 INFO analysis_core.index: Finished index for asa (/Users/jangronemann/Library/CloudStorage/OneDrive-Sentia/Scandlines/scand-ops/rancid-backups/npriswlu101) in 0.00s (objects=0 groups=0)
2025-11-12 08:54:07,946 INFO analysis_core.index: Building index for asa (/Users/jangronemann/Library/CloudStorage/OneDrive-Sentia/Scandlines/scand-ops/rancid-backups/npriswlu102)
2025-11-12 08:54:07,946 INFO analysis_core.index: Finished index for asa (/Users/jangronemann/Library/CloudStorage/OneDrive-Sentia/Scandlines/scand-ops/rancid-backups/npriswlu102) in 0.00s (objects=0 groups=0)
2025-11-12 08:54:07,946 INFO analysis_core.index: Building index for asa (/Users/jangronemann/Library/CloudStorage/OneDrive-Sentia/Scandlines/scand-ops/rancid-backups/npriswlu103)
2025-11-12 08:54:07,946 INFO analysis_core.index: Finished index for asa (/Users/jangronemann/Library/CloudStorage/OneDrive-Sentia/Scandlines/scand-ops/rancid-backups/npriswlu103) in 0.00s (objects=0 groups=0)
2025-11-12 08:54:07,946 INFO analysis_core.index: Building index for asa (/Users/jangronemann/Library/CloudStorage/OneDrive-Sentia/Scandlines/scand-ops/rancid-backups/npriswlu104)
2025-11-12 08:54:07,946 INFO analysis_core.index: Finished index for asa (/Users/jangronemann/Library/CloudStorage/OneDrive-Sentia/Scandlines/scand-ops/rancid-backups/npriswlu104) in 0.00s (objects=0 groups=0)
2025-11-12 08:54:07,947 INFO analysis_core.index: Building index for asa (/Users/jangronemann/Library/CloudStorage/OneDrive-Sentia/Scandlines/scand-ops/rancid-backups/npriswlu105)
2025-11-12 08:54:07,947 INFO analysis_core.index: Finished index for asa (/Users/jangronemann/Library/CloudStorage/OneDrive-Sentia/Scandlines/scand-ops/rancid-backups/npriswlu105) in 0.00s (objects=0 groups=0)
2025-11-12 08:54:07,947 INFO analysis_core.index: Building index for asa (/Users/jangronemann/Library/CloudStorage/OneDrive-Sentia/Scandlines/scand-ops/rancid-backups/npriswlu106)
2025-11-12 08:54:07,947 INFO analysis_core.index: Finished index for asa (/Users/jangronemann/Library/CloudStorage/OneDrive-Sentia/Scandlines/scand-ops/rancid-backups/npriswlu106) in 0.00s (objects=0 groups=0)
2025-11-12 08:54:07,947 INFO analysis_core.index: Building index for asa (/Users/jangronemann/Library/CloudStorage/OneDrive-Sentia/Scandlines/scand-ops/rancid-backups/npriswlu107)
2025-11-12 08:54:07,947 INFO analysis_core.index: Finished index for asa (/Users/jangronemann/Library/CloudStorage/OneDrive-Sentia/Scandlines/scand-ops/rancid-backups/npriswlu107) in 0.00s (objects=0 groups=0)
2025-11-12 08:54:07,947 INFO analysis_core.index: Building index for asa (/Users/jangronemann/Library/CloudStorage/OneDrive-Sentia/Scandlines/scand-ops/rancid-backups/npriswlu108)
2025-11-12 08:54:07,947 INFO analysis_core.index: Finished index for asa (/Users/jangronemann/Library/CloudStorage/OneDrive-Sentia/Scandlines/scand-ops/rancid-backups/npriswlu108) in 0.00s (objects=0 groups=0)
2025-11-12 08:54:07,947 INFO analysis_core.index: Building index for asa (/Users/jangronemann/Library/CloudStorage/OneDrive-Sentia/Scandlines/scand-ops/rancid-backups/npriswlu110)
2025-11-12 08:54:07,947 INFO analysis_core.index: Finished index for asa (/Users/jangronemann/Library/CloudStorage/OneDrive-Sentia/Scandlines/scand-ops/rancid-backups/npriswlu110) in 0.00s (objects=0 groups=0)
2025-11-12 08:54:07,947 INFO analysis_core.index: Building index for asa (/Users/jangronemann/Library/CloudStorage/OneDrive-Sentia/Scandlines/scand-ops/rancid-backups/npriswlu114)
2025-11-12 08:54:07,947 INFO analysis_core.index: Finished index for asa (/Users/jangronemann/Library/CloudStorage/OneDrive-Sentia/Scandlines/scand-ops/rancid-backups/npriswlu114) in 0.00s (objects=0 groups=0)
2025-11-12 08:54:07,947 INFO analysis_core.index: Building index for asa (/Users/jangronemann/Library/CloudStorage/OneDrive-Sentia/Scandlines/scand-ops/rancid-backups/npriswlu115)
2025-11-12 08:54:07,947 INFO analysis_core.index: Finished index for asa (/Users/jangronemann/Library/CloudStorage/OneDrive-Sentia/Scandlines/scand-ops/rancid-backups/npriswlu115) in 0.00s (objects=0 groups=0)
2025-11-12 08:54:07,947 INFO analysis_core.index: Building index for asa (/Users/jangronemann/Library/CloudStorage/OneDrive-Sentia/Scandlines/scand-ops/rancid-backups/npriswlu118)
2025-11-12 08:54:07,947 INFO analysis_core.index: Finished index for asa (/Users/jangronemann/Library/CloudStorage/OneDrive-Sentia/Scandlines/scand-ops/rancid-backups/npriswlu118) in 0.00s (objects=0 groups=0)
2025-11-12 08:54:07,947 INFO analysis_core.index: Building index for asa (/Users/jangronemann/Library/CloudStorage/OneDrive-Sentia/Scandlines/scand-ops/rancid-backups/npuhrocp03)
2025-11-12 08:54:07,948 INFO analysis_core.index: Finished index for asa (/Users/jangronemann/Library/CloudStorage/OneDrive-Sentia/Scandlines/scand-ops/rancid-backups/npuhrocp03) in 0.00s (objects=0 groups=0)
2025-11-12 08:54:07,948 INFO analysis_core.index: Building index for asa (/Users/jangronemann/Library/CloudStorage/OneDrive-Sentia/Scandlines/scand-ops/rancid-backups/npuhrocpe01)
2025-11-12 08:54:07,950 INFO analysis_core.index: Finished index for asa (/Users/jangronemann/Library/CloudStorage/OneDrive-Sentia/Scandlines/scand-ops/rancid-backups/npuhrocpe01) in 0.00s (objects=0 groups=0)
2025-11-12 08:54:07,951 INFO analysis_core.index: Building index for asa (/Users/jangronemann/Library/CloudStorage/OneDrive-Sentia/Scandlines/scand-ops/rancid-backups/npuhrocpe02)
2025-11-12 08:54:07,953 INFO analysis_core.index: Finished index for asa (/Users/jangronemann/Library/CloudStorage/OneDrive-Sentia/Scandlines/scand-ops/rancid-backups/npuhrocpe02) in 0.00s (objects=0 groups=0)
2025-11-12 08:54:07,953 INFO analysis_core.index: Building index for asa (/Users/jangronemann/Library/CloudStorage/OneDrive-Sentia/Scandlines/scand-ops/rancid-backups/npuhswla85)
2025-11-12 08:54:07,954 INFO analysis_core.index: Finished index for asa (/Users/jangronemann/Library/CloudStorage/OneDrive-Sentia/Scandlines/scand-ops/rancid-backups/npuhswla85) in 0.00s (objects=0 groups=0)
2025-11-12 08:54:07,954 INFO analysis_core.index: Building index for asa (/Users/jangronemann/Library/CloudStorage/OneDrive-Sentia/Scandlines/scand-ops/rancid-backups/npuhswlm141)
2025-11-12 08:54:07,956 INFO analysis_core.index: Finished index for asa (/Users/jangronemann/Library/CloudStorage/OneDrive-Sentia/Scandlines/scand-ops/rancid-backups/npuhswlm141) in 0.00s (objects=0 groups=0)
2025-11-12 08:54:07,956 INFO analysis_core.index: Building index for asa (/Users/jangronemann/Library/CloudStorage/OneDrive-Sentia/Scandlines/scand-ops/rancid-backups/npuhswlm142)
2025-11-12 08:54:07,958 INFO analysis_core.index: Finished index for asa (/Users/jangronemann/Library/CloudStorage/OneDrive-Sentia/Scandlines/scand-ops/rancid-backups/npuhswlm142) in 0.00s (objects=0 groups=0)
2025-11-12 08:54:07,958 INFO analysis_core.index: Building index for asa (/Users/jangronemann/Library/CloudStorage/OneDrive-Sentia/Scandlines/scand-ops/rancid-backups/npuhswlm143)
2025-11-12 08:54:07,959 INFO analysis_core.index: Finished index for asa (/Users/jangronemann/Library/CloudStorage/OneDrive-Sentia/Scandlines/scand-ops/rancid-backups/npuhswlm143) in 0.00s (objects=0 groups=0)
2025-11-12 08:54:07,959 INFO analysis_core.index: Building index for asa (/Users/jangronemann/Library/CloudStorage/OneDrive-Sentia/Scandlines/scand-ops/rancid-backups/npuhswlu101)
2025-11-12 08:54:07,959 INFO analysis_core.index: Finished index for asa (/Users/jangronemann/Library/CloudStorage/OneDrive-Sentia/Scandlines/scand-ops/rancid-backups/npuhswlu101) in 0.00s (objects=0 groups=0)
2025-11-12 08:54:07,959 INFO analysis_core.index: Building index for asa (/Users/jangronemann/Library/CloudStorage/OneDrive-Sentia/Scandlines/scand-ops/rancid-backups/npuhswlu149)
2025-11-12 08:54:07,960 INFO analysis_core.index: Finished index for asa (/Users/jangronemann/Library/CloudStorage/OneDrive-Sentia/Scandlines/scand-ops/rancid-backups/npuhswlu149) in 0.00s (objects=0 groups=0)
2025-11-12 08:54:07,960 INFO analysis_core.index: Building index for asa (/Users/jangronemann/Library/CloudStorage/OneDrive-Sentia/Scandlines/scand-ops/rancid-backups/npuhswlu150)
2025-11-12 08:54:07,960 INFO analysis_core.index: Finished index for asa (/Users/jangronemann/Library/CloudStorage/OneDrive-Sentia/Scandlines/scand-ops/rancid-backups/npuhswlu150) in 0.00s (objects=0 groups=0)
2025-11-12 08:54:07,960 INFO analysis_core.index: Building index for asa (/Users/jangronemann/Library/CloudStorage/OneDrive-Sentia/Scandlines/scand-ops/rancid-backups/npuhswlu152)
2025-11-12 08:54:07,960 INFO analysis_core.index: Finished index for asa (/Users/jangronemann/Library/CloudStorage/OneDrive-Sentia/Scandlines/scand-ops/rancid-backups/npuhswlu152) in 0.00s (objects=0 groups=0)
2025-11-12 08:54:07,960 INFO analysis_core.index: Building index for asa (/Users/jangronemann/Library/CloudStorage/OneDrive-Sentia/Scandlines/scand-ops/rancid-backups/npuhswlu158)
2025-11-12 08:54:07,960 INFO analysis_core.index: Finished index for asa (/Users/jangronemann/Library/CloudStorage/OneDrive-Sentia/Scandlines/scand-ops/rancid-backups/npuhswlu158) in 0.00s (objects=0 groups=0)
2025-11-12 08:54:07,960 INFO analysis_core.index: Building index for asa (/Users/jangronemann/Library/CloudStorage/OneDrive-Sentia/Scandlines/scand-ops/rancid-backups/npuhswlu163)
2025-11-12 08:54:07,960 INFO analysis_core.index: Finished index for asa (/Users/jangronemann/Library/CloudStorage/OneDrive-Sentia/Scandlines/scand-ops/rancid-backups/npuhswlu163) in 0.00s (objects=0 groups=0)
2025-11-12 08:54:07,960 INFO analysis_core.index: Building index for asa (/Users/jangronemann/Library/CloudStorage/OneDrive-Sentia/Scandlines/scand-ops/rancid-backups/npuhswlu168)
2025-11-12 08:54:07,960 INFO analysis_core.index: Finished index for asa (/Users/jangronemann/Library/CloudStorage/OneDrive-Sentia/Scandlines/scand-ops/rancid-backups/npuhswlu168) in 0.00s (objects=0 groups=0)
2025-11-12 08:54:07,960 INFO analysis_core.index: Building index for asa (/Users/jangronemann/Library/CloudStorage/OneDrive-Sentia/Scandlines/scand-ops/rancid-backups/npuhswlu178)
2025-11-12 08:54:07,960 INFO analysis_core.index: Finished index for asa (/Users/jangronemann/Library/CloudStorage/OneDrive-Sentia/Scandlines/scand-ops/rancid-backups/npuhswlu178) in 0.00s (objects=0 groups=0)
2025-11-12 08:54:07,960 INFO analysis_core.index: Building index for asa (/Users/jangronemann/Library/CloudStorage/OneDrive-Sentia/Scandlines/scand-ops/rancid-backups/npuhswlu179)
2025-11-12 08:54:07,960 INFO analysis_core.index: Finished index for asa (/Users/jangronemann/Library/CloudStorage/OneDrive-Sentia/Scandlines/scand-ops/rancid-backups/npuhswlu179) in 0.00s (objects=0 groups=0)
2025-11-12 08:54:07,960 INFO analysis_core.index: Building index for asa (/Users/jangronemann/Library/CloudStorage/OneDrive-Sentia/Scandlines/scand-ops/rancid-backups/npuhswlu185)
2025-11-12 08:54:07,960 INFO analysis_core.index: Finished index for asa (/Users/jangronemann/Library/CloudStorage/OneDrive-Sentia/Scandlines/scand-ops/rancid-backups/npuhswlu185) in 0.00s (objects=0 groups=0)
2025-11-12 08:54:07,960 INFO analysis_core.index: Building index for asa (/Users/jangronemann/Library/CloudStorage/OneDrive-Sentia/Scandlines/scand-ops/rancid-backups/npuhswlu186)
2025-11-12 08:54:07,960 INFO analysis_core.index: Finished index for asa (/Users/jangronemann/Library/CloudStorage/OneDrive-Sentia/Scandlines/scand-ops/rancid-backups/npuhswlu186) in 0.00s (objects=0 groups=0)
2025-11-12 08:54:07,960 INFO analysis_core.index: Building index for asa (/Users/jangronemann/Library/CloudStorage/OneDrive-Sentia/Scandlines/scand-ops/rancid-backups/npuhswlu192)
2025-11-12 08:54:07,960 INFO analysis_core.index: Finished index for asa (/Users/jangronemann/Library/CloudStorage/OneDrive-Sentia/Scandlines/scand-ops/rancid-backups/npuhswlu192) in 0.00s (objects=0 groups=0)
2025-11-12 08:54:07,960 INFO analysis_core.index: Building index for asa (/Users/jangronemann/Library/CloudStorage/OneDrive-Sentia/Scandlines/scand-ops/rancid-backups/npuhswlu196)
2025-11-12 08:54:07,960 INFO analysis_core.index: Finished index for asa (/Users/jangronemann/Library/CloudStorage/OneDrive-Sentia/Scandlines/scand-ops/rancid-backups/npuhswlu196) in 0.00s (objects=0 groups=0)
2025-11-12 08:54:07,960 INFO analysis_core.index: Building index for asa (/Users/jangronemann/Library/CloudStorage/OneDrive-Sentia/Scandlines/scand-ops/rancid-backups/npuhswlu205)
2025-11-12 08:54:07,961 INFO analysis_core.index: Finished index for asa (/Users/jangronemann/Library/CloudStorage/OneDrive-Sentia/Scandlines/scand-ops/rancid-backups/npuhswlu205) in 0.00s (objects=0 groups=0)
2025-11-12 08:54:07,961 INFO analysis_core.index: Building index for asa (/Users/jangronemann/Library/CloudStorage/OneDrive-Sentia/Scandlines/scand-ops/rancid-backups/npuhswlu206)
2025-11-12 08:54:07,961 INFO analysis_core.index: Finished index for asa (/Users/jangronemann/Library/CloudStorage/OneDrive-Sentia/Scandlines/scand-ops/rancid-backups/npuhswlu206) in 0.00s (objects=0 groups=0)
2025-11-12 08:54:07,961 INFO analysis_core.index: Building index for asa (/Users/jangronemann/Library/CloudStorage/OneDrive-Sentia/Scandlines/scand-ops/rancid-backups/npuhswlu207)
2025-11-12 08:54:07,961 INFO analysis_core.index: Finished index for asa (/Users/jangronemann/Library/CloudStorage/OneDrive-Sentia/Scandlines/scand-ops/rancid-backups/npuhswlu207) in 0.00s (objects=0 groups=0)
2025-11-12 08:54:07,961 INFO analysis_core.index: Building index for asa (/Users/jangronemann/Library/CloudStorage/OneDrive-Sentia/Scandlines/scand-ops/rancid-backups/npuhswlu90)
2025-11-12 08:54:07,961 INFO analysis_core.index: Finished index for asa (/Users/jangronemann/Library/CloudStorage/OneDrive-Sentia/Scandlines/scand-ops/rancid-backups/npuhswlu90) in 0.00s (objects=0 groups=0)
2025-11-12 08:54:07,961 INFO analysis_core.index: Building index for asa (/Users/jangronemann/Library/CloudStorage/OneDrive-Sentia/Scandlines/scand-ops/rancid-backups/nrobftg)
2025-11-12 08:54:07,962 INFO analysis_core.index: Finished index for asa (/Users/jangronemann/Library/CloudStorage/OneDrive-Sentia/Scandlines/scand-ops/rancid-backups/nrobftg) in 0.00s (objects=0 groups=0)
2025-11-12 08:54:07,962 INFO analysis_core.index: Building index for asa (/Users/jangronemann/Library/CloudStorage/OneDrive-Sentia/Scandlines/scand-ops/rancid-backups/nroeftg)
2025-11-12 08:54:07,963 INFO analysis_core.index: Finished index for asa (/Users/jangronemann/Library/CloudStorage/OneDrive-Sentia/Scandlines/scand-ops/rancid-backups/nroeftg) in 0.00s (objects=0 groups=0)
2025-11-12 08:54:07,963 INFO analysis_core.index: Building index for asa (/Users/jangronemann/Library/CloudStorage/OneDrive-Sentia/Scandlines/scand-ops/rancid-backups/nroerocp03)
2025-11-12 08:54:07,964 INFO analysis_core.index: Finished index for asa (/Users/jangronemann/Library/CloudStorage/OneDrive-Sentia/Scandlines/scand-ops/rancid-backups/nroerocp03) in 0.00s (objects=0 groups=0)
2025-11-12 08:54:07,964 INFO analysis_core.index: Building index for asa (/Users/jangronemann/Library/CloudStorage/OneDrive-Sentia/Scandlines/scand-ops/rancid-backups/nroerocpe01)
2025-11-12 08:54:07,966 INFO analysis_core.index: Finished index for asa (/Users/jangronemann/Library/CloudStorage/OneDrive-Sentia/Scandlines/scand-ops/rancid-backups/nroerocpe01) in 0.00s (objects=0 groups=0)
2025-11-12 08:54:07,966 INFO analysis_core.index: Building index for asa (/Users/jangronemann/Library/CloudStorage/OneDrive-Sentia/Scandlines/scand-ops/rancid-backups/nroerocpe02)
2025-11-12 08:54:07,968 INFO analysis_core.index: Finished index for asa (/Users/jangronemann/Library/CloudStorage/OneDrive-Sentia/Scandlines/scand-ops/rancid-backups/nroerocpe02) in 0.00s (objects=0 groups=0)
2025-11-12 08:54:07,969 INFO analysis_core.index: Building index for asa (/Users/jangronemann/Library/CloudStorage/OneDrive-Sentia/Scandlines/scand-ops/rancid-backups/nroeswmm097)
2025-11-12 08:54:07,969 INFO analysis_core.index: Finished index for asa (/Users/jangronemann/Library/CloudStorage/OneDrive-Sentia/Scandlines/scand-ops/rancid-backups/nroeswmm097) in 0.00s (objects=0 groups=0)
2025-11-12 08:54:07,969 INFO analysis_core.index: Building index for asa (/Users/jangronemann/Library/CloudStorage/OneDrive-Sentia/Scandlines/scand-ops/rancid-backups/nrohftg)
2025-11-12 08:54:07,970 INFO analysis_core.index: Finished index for asa (/Users/jangronemann/Library/CloudStorage/OneDrive-Sentia/Scandlines/scand-ops/rancid-backups/nrohftg) in 0.00s (objects=0 groups=0)
2025-11-12 08:54:07,970 INFO analysis_core.index: Building index for asa (/Users/jangronemann/Library/CloudStorage/OneDrive-Sentia/Scandlines/scand-ops/rancid-backups/nrohrocp03)
2025-11-12 08:54:07,971 INFO analysis_core.index: Finished index for asa (/Users/jangronemann/Library/CloudStorage/OneDrive-Sentia/Scandlines/scand-ops/rancid-backups/nrohrocp03) in 0.00s (objects=0 groups=0)
2025-11-12 08:54:07,972 INFO analysis_core.index: Building index for asa (/Users/jangronemann/Library/CloudStorage/OneDrive-Sentia/Scandlines/scand-ops/rancid-backups/nroprocpe01)
2025-11-12 08:54:07,972 INFO analysis_core.index: Finished index for asa (/Users/jangronemann/Library/CloudStorage/OneDrive-Sentia/Scandlines/scand-ops/rancid-backups/nroprocpe01) in 0.00s (objects=0 groups=0)
2025-11-12 08:54:07,973 INFO analysis_core.index: Building index for asa (/Users/jangronemann/Library/CloudStorage/OneDrive-Sentia/Scandlines/scand-ops/rancid-backups/nropswla01)
2025-11-12 08:54:07,974 INFO analysis_core.index: Finished index for asa (/Users/jangronemann/Library/CloudStorage/OneDrive-Sentia/Scandlines/scand-ops/rancid-backups/nropswla01) in 0.00s (objects=0 groups=0)
2025-11-12 08:54:07,974 INFO analysis_core.index: Building index for asa (/Users/jangronemann/Library/CloudStorage/OneDrive-Sentia/Scandlines/scand-ops/rancid-backups/nshorocp01)
2025-11-12 08:54:07,975 INFO analysis_core.index: Finished index for asa (/Users/jangronemann/Library/CloudStorage/OneDrive-Sentia/Scandlines/scand-ops/rancid-backups/nshorocp01) in 0.00s (objects=0 groups=0)
2025-11-12 08:54:07,975 INFO analysis_core.index: Building index for asa (/Users/jangronemann/Library/CloudStorage/OneDrive-Sentia/Scandlines/scand-ops/rancid-backups/nshorocp03)
2025-11-12 08:54:07,976 INFO analysis_core.index: Finished index for asa (/Users/jangronemann/Library/CloudStorage/OneDrive-Sentia/Scandlines/scand-ops/rancid-backups/nshorocp03) in 0.00s (objects=0 groups=0)
2025-11-12 08:54:07,976 INFO analysis_core.index: Building index for asa (/Users/jangronemann/Library/CloudStorage/OneDrive-Sentia/Scandlines/scand-ops/rancid-backups/nshoswla05)
2025-11-12 08:54:07,978 INFO analysis_core.index: Finished index for asa (/Users/jangronemann/Library/CloudStorage/OneDrive-Sentia/Scandlines/scand-ops/rancid-backups/nshoswla05) in 0.00s (objects=0 groups=0)
2025-11-12 08:54:07,978 INFO analysis_core.index: Building index for asa (/Users/jangronemann/Library/CloudStorage/OneDrive-Sentia/Scandlines/scand-ops/rancid-backups/nshoswlm106)
2025-11-12 08:54:07,980 INFO analysis_core.index: Finished index for asa (/Users/jangronemann/Library/CloudStorage/OneDrive-Sentia/Scandlines/scand-ops/rancid-backups/nshoswlm106) in 0.00s (objects=0 groups=0)
2025-11-12 08:54:07,980 INFO analysis_core.index: Building index for asa (/Users/jangronemann/Library/CloudStorage/OneDrive-Sentia/Scandlines/scand-ops/rancid-backups/nshoswlu100)
2025-11-12 08:54:07,980 INFO analysis_core.index: Finished index for asa (/Users/jangronemann/Library/CloudStorage/OneDrive-Sentia/Scandlines/scand-ops/rancid-backups/nshoswlu100) in 0.00s (objects=0 groups=0)
2025-11-12 08:54:07,980 INFO analysis_core.index: Building index for asa (/Users/jangronemann/Library/CloudStorage/OneDrive-Sentia/Scandlines/scand-ops/rancid-backups/nshoswlu101)
2025-11-12 08:54:07,980 INFO analysis_core.index: Finished index for asa (/Users/jangronemann/Library/CloudStorage/OneDrive-Sentia/Scandlines/scand-ops/rancid-backups/nshoswlu101) in 0.00s (objects=0 groups=0)
2025-11-12 08:54:07,980 INFO analysis_core.index: Building index for asa (/Users/jangronemann/Library/CloudStorage/OneDrive-Sentia/Scandlines/scand-ops/rancid-backups/nshoswlu102)
2025-11-12 08:54:07,980 INFO analysis_core.index: Finished index for asa (/Users/jangronemann/Library/CloudStorage/OneDrive-Sentia/Scandlines/scand-ops/rancid-backups/nshoswlu102) in 0.00s (objects=0 groups=0)
2025-11-12 08:54:07,980 INFO analysis_core.index: Building index for asa (/Users/jangronemann/Library/CloudStorage/OneDrive-Sentia/Scandlines/scand-ops/rancid-backups/nshoswlu103)
2025-11-12 08:54:07,980 INFO analysis_core.index: Finished index for asa (/Users/jangronemann/Library/CloudStorage/OneDrive-Sentia/Scandlines/scand-ops/rancid-backups/nshoswlu103) in 0.00s (objects=0 groups=0)
2025-11-12 08:54:07,980 INFO analysis_core.index: Building index for asa (/Users/jangronemann/Library/CloudStorage/OneDrive-Sentia/Scandlines/scand-ops/rancid-backups/nshoswlu104)
2025-11-12 08:54:07,980 INFO analysis_core.index: Finished index for asa (/Users/jangronemann/Library/CloudStorage/OneDrive-Sentia/Scandlines/scand-ops/rancid-backups/nshoswlu104) in 0.00s (objects=0 groups=0)
2025-11-12 08:54:07,980 INFO analysis_core.index: Building index for asa (/Users/jangronemann/Library/CloudStorage/OneDrive-Sentia/Scandlines/scand-ops/rancid-backups/nshoswlu105)
2025-11-12 08:54:07,980 INFO analysis_core.index: Finished index for asa (/Users/jangronemann/Library/CloudStorage/OneDrive-Sentia/Scandlines/scand-ops/rancid-backups/nshoswlu105) in 0.00s (objects=0 groups=0)
2025-11-12 08:54:07,980 INFO analysis_core.index: Building index for asa (/Users/jangronemann/Library/CloudStorage/OneDrive-Sentia/Scandlines/scand-ops/rancid-backups/nshoswlu107)
2025-11-12 08:54:07,980 INFO analysis_core.index: Finished index for asa (/Users/jangronemann/Library/CloudStorage/OneDrive-Sentia/Scandlines/scand-ops/rancid-backups/nshoswlu107) in 0.00s (objects=0 groups=0)
2025-11-12 08:54:07,980 INFO analysis_core.index: Building index for asa (/Users/jangronemann/Library/CloudStorage/OneDrive-Sentia/Scandlines/scand-ops/rancid-backups/nshoswlu108)
2025-11-12 08:54:07,980 INFO analysis_core.index: Finished index for asa (/Users/jangronemann/Library/CloudStorage/OneDrive-Sentia/Scandlines/scand-ops/rancid-backups/nshoswlu108) in 0.00s (objects=0 groups=0)
2025-11-12 08:54:07,980 INFO analysis_core.index: Building index for asa (/Users/jangronemann/Library/CloudStorage/OneDrive-Sentia/Scandlines/scand-ops/rancid-backups/nshoswlu109)
2025-11-12 08:54:07,981 INFO analysis_core.index: Finished index for asa (/Users/jangronemann/Library/CloudStorage/OneDrive-Sentia/Scandlines/scand-ops/rancid-backups/nshoswlu109) in 0.00s (objects=0 groups=0)
2025-11-12 08:54:07,981 INFO analysis_core.index: Building index for asa (/Users/jangronemann/Library/CloudStorage/OneDrive-Sentia/Scandlines/scand-ops/rancid-backups/nshoswlu110)
2025-11-12 08:54:07,981 INFO analysis_core.index: Finished index for asa (/Users/jangronemann/Library/CloudStorage/OneDrive-Sentia/Scandlines/scand-ops/rancid-backups/nshoswlu110) in 0.00s (objects=0 groups=0)
2025-11-12 08:54:07,981 INFO analysis_core.index: Building index for asa (/Users/jangronemann/Library/CloudStorage/OneDrive-Sentia/Scandlines/scand-ops/rancid-backups/nshoswlu111)
2025-11-12 08:54:07,981 INFO analysis_core.index: Finished index for asa (/Users/jangronemann/Library/CloudStorage/OneDrive-Sentia/Scandlines/scand-ops/rancid-backups/nshoswlu111) in 0.00s (objects=0 groups=0)
2025-11-12 08:54:07,981 INFO analysis_core.index: Building index for asa (/Users/jangronemann/Library/CloudStorage/OneDrive-Sentia/Scandlines/scand-ops/rancid-backups/nshoswlu112)
2025-11-12 08:54:07,981 INFO analysis_core.index: Finished index for asa (/Users/jangronemann/Library/CloudStorage/OneDrive-Sentia/Scandlines/scand-ops/rancid-backups/nshoswlu112) in 0.00s (objects=0 groups=0)
2025-11-12 08:54:07,981 INFO analysis_core.index: Building index for asa (/Users/jangronemann/Library/CloudStorage/OneDrive-Sentia/Scandlines/scand-ops/rancid-backups/nshoswlu113)
2025-11-12 08:54:07,981 INFO analysis_core.index: Finished index for asa (/Users/jangronemann/Library/CloudStorage/OneDrive-Sentia/Scandlines/scand-ops/rancid-backups/nshoswlu113) in 0.00s (objects=0 groups=0)
2025-11-12 08:54:07,981 INFO analysis_core.index: Building index for asa (/Users/jangronemann/Library/CloudStorage/OneDrive-Sentia/Scandlines/scand-ops/rancid-backups/nshoswlu114)
2025-11-12 08:54:07,981 INFO analysis_core.index: Finished index for asa (/Users/jangronemann/Library/CloudStorage/OneDrive-Sentia/Scandlines/scand-ops/rancid-backups/nshoswlu114) in 0.00s (objects=0 groups=0)
2025-11-12 08:54:07,981 INFO analysis_core.index: Building index for asa (/Users/jangronemann/Library/CloudStorage/OneDrive-Sentia/Scandlines/scand-ops/rancid-backups/nshoswlu115)
2025-11-12 08:54:07,981 INFO analysis_core.index: Finished index for asa (/Users/jangronemann/Library/CloudStorage/OneDrive-Sentia/Scandlines/scand-ops/rancid-backups/nshoswlu115) in 0.00s (objects=0 groups=0)
2025-11-12 08:54:07,981 INFO analysis_core.index: Building index for asa (/Users/jangronemann/Library/CloudStorage/OneDrive-Sentia/Scandlines/scand-ops/rancid-backups/nshoswlu119)
2025-11-12 08:54:07,981 INFO analysis_core.index: Finished index for asa (/Users/jangronemann/Library/CloudStorage/OneDrive-Sentia/Scandlines/scand-ops/rancid-backups/nshoswlu119) in 0.00s (objects=0 groups=0)
2025-11-12 08:54:07,981 INFO analysis_core.index: Building index for asa (/Users/jangronemann/Library/CloudStorage/OneDrive-Sentia/Scandlines/scand-ops/rancid-backups/nshoswlu120)
2025-11-12 08:54:07,981 INFO analysis_core.index: Finished index for asa (/Users/jangronemann/Library/CloudStorage/OneDrive-Sentia/Scandlines/scand-ops/rancid-backups/nshoswlu120) in 0.00s (objects=0 groups=0)
2025-11-12 08:54:07,981 INFO analysis_core.index: Building index for asa (/Users/jangronemann/Library/CloudStorage/OneDrive-Sentia/Scandlines/scand-ops/rancid-backups/nshoswlu121)
2025-11-12 08:54:07,982 INFO analysis_core.index: Finished index for asa (/Users/jangronemann/Library/CloudStorage/OneDrive-Sentia/Scandlines/scand-ops/rancid-backups/nshoswlu121) in 0.00s (objects=0 groups=0)
2025-11-12 08:54:07,982 INFO analysis_core.index: Building index for asa (/Users/jangronemann/Library/CloudStorage/OneDrive-Sentia/Scandlines/scand-ops/rancid-backups/nsveftg)
2025-11-12 08:54:07,982 INFO analysis_core.index: Finished index for asa (/Users/jangronemann/Library/CloudStorage/OneDrive-Sentia/Scandlines/scand-ops/rancid-backups/nsveftg) in 0.00s (objects=0 groups=0)
2025-11-12 08:54:07,982 INFO analysis_core.index: Building index for asa (/Users/jangronemann/Library/CloudStorage/OneDrive-Sentia/Scandlines/scand-ops/rancid-backups/ntaafwdc02)
2025-11-12 08:54:07,991 INFO analysis_core.index: Finished index for asa (/Users/jangronemann/Library/CloudStorage/OneDrive-Sentia/Scandlines/scand-ops/rancid-backups/ntaafwdc02) in 0.01s (objects=232 groups=135)
2025-11-12 08:54:07,991 INFO analysis_core.index: Building index for asa (/Users/jangronemann/Library/CloudStorage/OneDrive-Sentia/Scandlines/scand-ops/rancid-backups/ntaarodc01)
2025-11-12 08:54:07,996 INFO analysis_core.index: Finished index for asa (/Users/jangronemann/Library/CloudStorage/OneDrive-Sentia/Scandlines/scand-ops/rancid-backups/ntaarodc01) in 0.01s (objects=0 groups=0)
2025-11-12 08:54:07,996 INFO analysis_core.index: Building index for asa (/Users/jangronemann/Library/CloudStorage/OneDrive-Sentia/Scandlines/scand-ops/rancid-backups/ntaarodc02)
2025-11-12 08:54:07,997 INFO analysis_core.index: Finished index for asa (/Users/jangronemann/Library/CloudStorage/OneDrive-Sentia/Scandlines/scand-ops/rancid-backups/ntaarodc02) in 0.00s (objects=0 groups=0)
2025-11-12 08:54:07,998 INFO analysis_core.index: Building index for asa (/Users/jangronemann/Library/CloudStorage/OneDrive-Sentia/Scandlines/scand-ops/rancid-backups/ntaaswda01)
2025-11-12 08:54:08,003 INFO analysis_core.index: Finished index for asa (/Users/jangronemann/Library/CloudStorage/OneDrive-Sentia/Scandlines/scand-ops/rancid-backups/ntaaswda01) in 0.01s (objects=0 groups=0)
2025-11-12 08:54:08,003 INFO analysis_core.index: Building index for asa (/Users/jangronemann/Library/CloudStorage/OneDrive-Sentia/Scandlines/scand-ops/rancid-backups/ntaaswda02)
2025-11-12 08:54:08,004 INFO analysis_core.index: Finished index for asa (/Users/jangronemann/Library/CloudStorage/OneDrive-Sentia/Scandlines/scand-ops/rancid-backups/ntaaswda02) in 0.00s (objects=0 groups=0)
2025-11-12 08:54:08,004 INFO analysis_core.index: Building index for asa (/Users/jangronemann/Library/CloudStorage/OneDrive-Sentia/Scandlines/scand-ops/rancid-backups/ntaaswda03)
2025-11-12 08:54:08,005 INFO analysis_core.index: Finished index for asa (/Users/jangronemann/Library/CloudStorage/OneDrive-Sentia/Scandlines/scand-ops/rancid-backups/ntaaswda03) in 0.00s (objects=0 groups=0)
2025-11-12 08:54:08,005 INFO analysis_core.index: Building index for asa (/Users/jangronemann/Library/CloudStorage/OneDrive-Sentia/Scandlines/scand-ops/rancid-backups/ntaaswdc01)
2025-11-12 08:54:08,009 INFO analysis_core.index: Finished index for asa (/Users/jangronemann/Library/CloudStorage/OneDrive-Sentia/Scandlines/scand-ops/rancid-backups/ntaaswdc01) in 0.00s (objects=0 groups=0)
2025-11-12 08:54:08,009 INFO analysis_core.index: Building index for asa (/Users/jangronemann/Library/CloudStorage/OneDrive-Sentia/Scandlines/scand-ops/rancid-backups/ntbwftg)
2025-11-12 08:54:08,009 INFO analysis_core.index: Finished index for asa (/Users/jangronemann/Library/CloudStorage/OneDrive-Sentia/Scandlines/scand-ops/rancid-backups/ntbwftg) in 0.00s (objects=0 groups=0)
2025-11-12 08:54:08,009 INFO analysis_core.index: Building index for asa (/Users/jangronemann/Library/CloudStorage/OneDrive-Sentia/Scandlines/scand-ops/rancid-backups/ser-dev-ctx)
2025-11-12 08:54:08,088 INFO analysis_core.index: Finished index for asa (/Users/jangronemann/Library/CloudStorage/OneDrive-Sentia/Scandlines/scand-ops/rancid-backups/ser-dev-ctx) in 0.08s (objects=137 groups=25)
2025-11-12 08:54:08,088 INFO analysis_core.index: Building index for asa (/Users/jangronemann/Library/CloudStorage/OneDrive-Sentia/Scandlines/scand-ops/rancid-backups/ser-inf-ctx)
2025-11-12 08:54:08,094 INFO analysis_core.index: Finished index for asa (/Users/jangronemann/Library/CloudStorage/OneDrive-Sentia/Scandlines/scand-ops/rancid-backups/ser-inf-ctx) in 0.01s (objects=149 groups=48)
2025-11-12 08:54:08,094 INFO analysis_core.index: Building index for asa (/Users/jangronemann/Library/CloudStorage/OneDrive-Sentia/Scandlines/scand-ops/rancid-backups/ser-pbx-ctx)
2025-11-12 08:54:08,100 INFO analysis_core.index: Finished index for asa (/Users/jangronemann/Library/CloudStorage/OneDrive-Sentia/Scandlines/scand-ops/rancid-backups/ser-pbx-ctx) in 0.01s (objects=32 groups=15)
2025-11-12 08:54:08,100 INFO analysis_core.index: Building index for asa (/Users/jangronemann/Library/CloudStorage/OneDrive-Sentia/Scandlines/scand-ops/rancid-backups/ser-pro-ctx)
2025-11-12 08:54:08,220 INFO analysis_core.index: Finished index for asa (/Users/jangronemann/Library/CloudStorage/OneDrive-Sentia/Scandlines/scand-ops/rancid-backups/ser-pro-ctx) in 0.12s (objects=169 groups=28)
2025-11-12 08:54:08,220 INFO analysis_core.index: Building index for asa (/Users/jangronemann/Library/CloudStorage/OneDrive-Sentia/Scandlines/scand-ops/rancid-backups/ser-qas-ctx)
2025-11-12 08:54:08,244 INFO analysis_core.index: Finished index for asa (/Users/jangronemann/Library/CloudStorage/OneDrive-Sentia/Scandlines/scand-ops/rancid-backups/ser-qas-ctx) in 0.02s (objects=39 groups=13)
2025-11-12 08:54:08,244 INFO analysis_core.index: Building index for asa (/Users/jangronemann/Library/CloudStorage/OneDrive-Sentia/Scandlines/scand-ops/rancid-backups/sysloghost)
2025-11-12 08:54:08,244 INFO analysis_core.index: Finished index for asa (/Users/jangronemann/Library/CloudStorage/OneDrive-Sentia/Scandlines/scand-ops/rancid-backups/sysloghost) in 0.00s (objects=0 groups=0)
2025-11-12 08:54:08,244 INFO analysis_core.index: Building index for fortigate (/Users/jangronemann/code/ACL-inspector/configs/fortigate/fortigate7-4-example)
2025-11-12 08:54:08,244 INFO analysis_core.index: Finished index for fortigate (/Users/jangronemann/code/ACL-inspector/configs/fortigate/fortigate7-4-example) in 0.00s (objects=0 groups=0)
